Microsoft (R) Macro Assembler Version 14.23.28106.4	    12/17/19 10:41:21
project.asm						     Page 1 - 1


				;Project Title: PAY SLIP MANAGEMENT SYSTEM
				;Author: MUHAMMAD SAAD
				;Registration Number: 2018-CS-7
				;Author: Daniyal Iqbal
				;Registration Number: 2018-CS-20


				Include Irvine32.inc
			      C ; Include file for Irvine32.lib             (Irvine32.inc)
			      C 
			      C ;OPTION CASEMAP:NONE		; optional: make identifiers case-sensitive
			      C 
			      C INCLUDE SmallWin.inc		; MS-Windows prototypes, structures, and constants
			      C .NOLIST
			      C .LIST
			      C 
			      C INCLUDE VirtualKeys.inc
			      C ; VirtualKeys.inc
			      C .NOLIST
			      C .LIST
			      C 
			      C 
			      C .NOLIST
			      C .LIST
			      C 

 00000000			.data

 00000000 09 09 09 2A 2A	titleOfProject BYTE "			************************ PAY SLIP MANAGEMENT SYSTEM ************************", 0
	   2A 2A 2A 2A 2A
	   2A 2A 2A 2A 2A
	   2A 2A 2A 2A 2A
	   2A 2A 2A 2A 2A
	   2A 2A 20 50 41
	   59 20 53 4C 49
	   50 20 4D 41 4E
	   41 47 45 4D 45
	   4E 54 20 53 59
	   53 54 45 4D 20
	   2A 2A 2A 2A 2A
	   2A 2A 2A 2A 2A
	   2A 2A 2A 2A 2A
	   2A 2A 2A 2A 2A
	   2A 2A 2A 2A 00
 00000050 53 65 6C 65 63	menu BYTE "Select from the following menu.", 0dh, 0ah			; menu template
	   74 20 66 72 6F
	   6D 20 74 68 65
	   20 66 6F 6C 6C
	   6F 77 69 6E 67
	   20 6D 65 6E 75
	   2E 0D 0A
 00000071  20 0D 0A			 BYTE " ",  0dh, 0ah
 00000074  31 2E 20 45 6E	     BYTE "1. Enter today's data", 0dh, 0ah
	   74 65 72 20 74
	   6F 64 61 79 27
	   73 20 64 61 74
	   61 0D 0A
 0000008B  32 2E 20 41 70	     BYTE "2. Apply for leave", 0dh, 0ah
	   70 6C 79 20 66
	   6F 72 20 6C 65
	   61 76 65 0D 0A
 0000009F  33 2E 20 53 68	     BYTE "3. Show the report", 0dh, 0ah
	   6F 77 20 74 68
	   65 20 72 65 70
	   6F 72 74 0D 0A
 000000B3  34 2E 20 45 78	     BYTE "4. Exit", 0dh, 0ah, 0
	   69 74 0D 0A 00

 000000BD 45 6E 74 65 72	selection BYTE "Enter the number of your selection: ", 0		;input prompt
	   20 74 68 65 20
	   6E 75 6D 62 65
	   72 20 6F 66 20
	   79 6F 75 72 20
	   73 65 6C 65 63
	   74 69 6F 6E 3A
	   20 00

 000000E2 45 6E 74 65 72	nameEnter BYTE "Enter your name: ", 0							;input prompt
	   20 79 6F 75 72
	   20 6E 61 6D 65
	   3A 20 00
 000000F4 45 6E 74 65 72	dayEnter BYTE "Enter the day: ", 0								;input prompt
	   20 74 68 65 20
	   64 61 79 3A 20
	   00
 00000104 45 6E 74 65 72	hoursEnter BYTE "Enter number of hours you worked today: ", 0	;input prompt
	   20 6E 75 6D 62
	   65 72 20 6F 66
	   20 68 6F 75 72
	   73 20 79 6F 75
	   20 77 6F 72 6B
	   65 64 20 74 6F
	   64 61 79 3A 20
	   00

 0000012D 45 6E 74 65 72	leaveConfirmation BYTE "Enter 1 if you want to apply for leave and 0 to exit to main menu: ", 0		;leave confirmation prompt
	   20 31 20 69 66
	   20 79 6F 75 20
	   77 61 6E 74 20
	   74 6F 20 61 70
	   70 6C 79 20 66
	   6F 72 20 6C 65
	   61 76 65 20 61
	   6E 64 20 30 20
	   74 6F 20 65 78
	   69 74 20 74 6F
	   20 6D 61 69 6E
	   20 6D 65 6E 75
	   3A 20 00
 00000171 59 6F 75 72 20	confirmedLeave BYTE "Your leave has been added.", 0				;leave confirmed prompt
	   6C 65 61 76 65
	   20 68 61 73 20
	   62 65 65 6E 20
	   61 64 64 65 64
	   2E 00
 0000018C 4C 65 61 76 65	deniedLeave BYTE "Leave is not allowed.", 0						;leave denied prompt
	   20 69 73 20 6E
	   6F 74 20 61 6C
	   6C 6F 77 65 64
	   2E 00

 000001A2 4E 61 6D 65 20	nameHeading BYTE "Name        ", 0								;heading
	   20 20 20 20 20
	   20 20 00
 000001AF 44 61 79 20 20	dayHeading BYTE "Day        ", 0								;heading
	   20 20 20 20 20
	   20 00
 000001BB 48 6F 75 72 73	hourHeading BYTE "Hours Worked		", 0						;heading
	   20 57 6F 72 6B
	   65 64 09 09 00

 000001CA 0000001E		salaryPerHour DWORD 30											;salary per hour									
 000001CE 00			leaveCount BYTE 0												;Total leaves
 000001CF 00000001		counter DWORD 1													;counter to keep track of days while inputing
 000001D3 00000000		printCounter DWORD 0											;counter to keep track of days during printing on console
 000001D7 00000000		totalPay DWORD 0

 000001DB 00000000		day1 DWORD ?
 000001DF 00000000		day2 DWORD ?
 000001E3 00000000		day3 DWORD ?
 000001E7 00000000		day4 DWORD ?
 000001EB 00000000		day5 DWORD ?
 000001EF  0000000F [		nameOfEmployee BYTE 15 DUP (?)									;to store the name of employee
	    00
	   ]
 000001FE 00000000		hoursEmployeeWorkedOnDay1 DWORD ?
 00000202 00000000		hoursEmployeeWorkedOnDay2 DWORD ?
 00000206 00000000		hoursEmployeeWorkedOnDay3 DWORD ?
 0000020A 00000000		hoursEmployeeWorkedOnDay4 DWORD ?
 0000020E 00000000		hoursEmployeeWorkedOnDay5 DWORD ?
 00000212 20 20 20 20 20	space BYTE "        ", 0
	   20 20 20 00
 0000021B 20 2D 2D 2D 2D	error BYTE " ------------------------------ ", 0dh, 0ah			;error prompt
	   2D 2D 2D 2D 2D
	   2D 2D 2D 2D 2D
	   2D 2D 2D 2D 2D
	   2D 2D 2D 2D 2D
	   2D 2D 2D 2D 2D
	   2D 20 0D 0A
 0000023D  7C 45 72 72 6F	      BYTE "|Error: This is invalid option.|", 0dh, 0ah
	   72 3A 20 54 68
	   69 73 20 69 73
	   20 69 6E 76 61
	   6C 69 64 20 6F
	   70 74 69 6F 6E
	   2E 7C 0D 0A
 0000025F  20 2D 2D 2D 2D	      BYTE " ------------------------------ ", 0
	   2D 2D 2D 2D 2D
	   2D 2D 2D 2D 2D
	   2D 2D 2D 2D 2D
	   2D 2D 2D 2D 2D
	   2D 2D 2D 2D 2D
	   2D 20 00

 00000280 54 6F 74 61 6C	hoursPrompt BYTE "Total Hours Worked: ", 0						;total hours prompt to display on screen
	   20 48 6F 75 72
	   73 20 57 6F 72
	   6B 65 64 3A 20
	   00
 00000295 54 6F 74 61 6C	totalPayPrompt BYTE "Total Pay: ", 0							;total pay prompt to display on screen
	   20 50 61 79 3A
	   20 00
 000002A1 20 2D 2D 2D 2D	equals BYTE " ------------------------------ ", 0dh, 0ah		;table to show number with corresponding day
	   2D 2D 2D 2D 2D
	   2D 2D 2D 2D 2D
	   2D 2D 2D 2D 2D
	   2D 2D 2D 2D 2D
	   2D 2D 2D 2D 2D
	   2D 20 0D 0A
 000002C3  7C 20 45 6E 74	      BYTE "| Enter 1: For Monday |", 0dh, 0ah
	   65 72 20 31 3A
	   20 46 6F 72 20
	   4D 6F 6E 64 61
	   79 20 7C 0D 0A
 000002DC  7C 20 45 6E 74	      BYTE "| Enter 2: For Tuesday |", 0dh, 0ah
	   65 72 20 32 3A
	   20 46 6F 72 20
	   54 75 65 73 64
	   61 79 20 7C 0D
	   0A
 000002F6  7C 20 45 6E 74	      BYTE "| Enter 3: For Wednesday |", 0dh, 0ah
	   65 72 20 33 3A
	   20 46 6F 72 20
	   57 65 64 6E 65
	   73 64 61 79 20
	   7C 0D 0A
 00000312  7C 20 45 6E 74	      BYTE "| Enter 4: For Thursday |", 0dh, 0ah
	   65 72 20 34 3A
	   20 46 6F 72 20
	   54 68 75 72 73
	   64 61 79 20 7C
	   0D 0A
 0000032D  7C 20 45 6E 74	      BYTE "| Enter 5: For Friday |", 0dh, 0ah
	   65 72 20 35 3A
	   20 46 6F 72 20
	   46 72 69 64 61
	   79 20 7C 0D 0A
 00000346  20 2D 2D 2D 2D	      BYTE " ------------------------------ ", 0
	   2D 2D 2D 2D 2D
	   2D 2D 2D 2D 2D
	   2D 2D 2D 2D 2D
	   2D 2D 2D 2D 2D
	   2D 2D 2D 2D 2D
	   2D 20 00

 00000000			.code

 00000000			calSum proc														;procedure to calculate total hours worked in a week

 00000000  A1 000001FE R		mov eax, hoursEmployeeWorkedOnDay1
 00000005  03 05 00000202 R		add eax, hoursEmployeeWorkedOnDay2
 0000000B  03 05 00000206 R		add eax, hoursEmployeeWorkedOnDay3
 00000011  03 05 0000020A R		add eax, hoursEmployeeWorkedOnDay4
 00000017  03 05 0000020E R		add eax, hoursEmployeeWorkedOnDay5

 0000001D  C3				ret

 0000001E			calSum endp

				print proto, day: dword, hourWorked: dword						;function to print data

 0000001E			main proc
						
 0000001E  E8 00000000 E	     call crlf
 00000023  BA 00000000 R		 mov edx, offset titleOfProject								;moving address of title of project into edx to print it
 00000028  E8 00000000 E		 call writestring
 0000002D  E8 00000000 E		 call crlf
 00000032  E8 00000000 E		 call crlf

 00000037				 start:
						
 00000037  BA 00000050 R			   mov edx, offset menu			
 0000003C  E8 00000000 E			   call writestring										;printing the menu on console
 00000041  E8 00000000 E			   call crlf
 00000046  E8 00000000 E			   call crlf

 0000004B  BA 000000BD R			   mov edx, offset selection						
 00000050  E8 00000000 E			   call writestring										;printing the selection prompt on console

 00000055  E8 00000000 E			   call readint

 0000005A  83 F8 01				cmp eax, 1												;comparing selection result for jumping at particular label
 0000005D  74 20				je L1
 0000005F  83 F8 02				cmp eax, 2												;comparing selection result for jumping at particular label
 00000062  0F 84 00000198			je L2
 00000068  83 F8 03				cmp eax, 3												;comparing selection result for jumping at particular label			
 0000006B  0F 84 0000031D			je L3
 00000071  83 F8 04				cmp eax, 4												;comparing selection result for jumping at particular label
 00000074  0F 84 0000043C			je _exit												;jumping to end of program if option 4 is selected

 0000007A  E9 00000419				jmp err													;handling exception



 0000007F					L1:
 0000007F  E8 00000000 E			   call crlf
 00000084  E8 00000000 E			   call crlf

 00000089  BA 000000E2 R				mov edx, offset nameEnter							
 0000008E  E8 00000000 E				call writestring									;displaying prompt of asking user for his/her name

 00000093  BA 000001EF R				mov edx, offset nameOfEmployee
 00000098  B9 0000000F					mov ecx, sizeof nameOfEmployee
 0000009D  E8 00000000 E				call readstring										;taking name as a input from the user
 000000A2  E8 00000000 E				call crlf

 000000A7  BA 000002A1 R				mov edx, offset equals
 000000AC  E8 00000000 E				call writestring									;displaying number day corresponding table
 000000B1  E8 00000000 E				call crlf
 000000B6  E8 00000000 E				call crlf

 000000BB  BA 000000F4 R				mov edx, offset dayEnter
 000000C0  E8 00000000 E				call writestring									;displaying prompt of asking user for the day

 000000C5  83 3D 000001CF R				cmp counter, 1										;comparing entered day result for jumping at particular label
	   01
 000000CC  74 24					je day_1
 000000CE  83 3D 000001CF R				cmp counter, 2										;comparing entered day result for jumping at particular label
	   02
 000000D5  74 2C					je day_2
 000000D7  83 3D 000001CF R				cmp counter, 3										;comparing entered day result for jumping at particular label
	   03
 000000DE  74 34					je day_3
 000000E0  83 3D 000001CF R				cmp counter, 4										;comparing entered day result for jumping at particular label
	   04
 000000E7  74 3C					je day_4
 000000E9  83 3D 000001CF R				cmp counter, 5										;comparing entered day result for jumping at particular label
	   05
 000000F0  74 44					je day_5

 000000F2						day_1: 
 000000F2  E8 00000000 E					call readint									
 000000F7  A3 000001DB R					mov day1, eax									;storing received value in a variable
 000000FC  E8 00000000 E					call crlf
 00000101  EB 44						jmp hours
 00000103						day_2:
 00000103  E8 00000000 E					call readint
 00000108  A3 000001DF R					mov day2, eax									;storing received value in a variable
 0000010D  E8 00000000 E					call crlf
 00000112  EB 33						jmp hours

 00000114						day_3:
 00000114  E8 00000000 E					call readint
 00000119  A3 000001E3 R					mov day3, eax									;storing received value in a variable
 0000011E  E8 00000000 E					call crlf
 00000123  EB 22						jmp hours

 00000125						day_4:
 00000125  E8 00000000 E					call readint
 0000012A  A3 000001E7 R					mov day4, eax									;storing received value in a variable
 0000012F  E8 00000000 E					call crlf
 00000134  EB 11						jmp hours

 00000136						day_5:
 00000136  E8 00000000 E					call readint
 0000013B  A3 000001EB R					mov day5, eax									;storing received value in a variable
 00000140  E8 00000000 E					call crlf
 00000145  EB 00						jmp hours
								

 00000147					hours:
 00000147  BA 00000104 R				mov edx, offset hoursEnter					
 0000014C  E8 00000000 E				call writestring	

 00000151  83 3D 000001CF R				cmp counter, 1										;comparing counter for jumping at particular label
	   01
 00000158  74 24					je monday
 0000015A  83 3D 000001CF R				cmp counter, 2										;comparing counter for jumping at particular label
	   02
 00000161  74 35					je tuesday
 00000163  83 3D 000001CF R				cmp counter, 3										;comparing counter for jumping at particular label
	   03
 0000016A  74 46					je wednesday
 0000016C  83 3D 000001CF R				cmp counter, 4										;comparing counter for jumping at particular label
	   04
 00000173  74 57					je thursday
 00000175  83 3D 000001CF R				cmp counter, 5										;comparing counter for jumping at particular label
	   05
 0000017C  74 68					je friday
							
 0000017E						monday: 
 0000017E  E8 00000000 E					call readint
 00000183  A3 000001FE R					mov hoursEmployeeWorkedOnDay1, eax				;storing received value in a variable
 00000188  E8 00000000 E					call crlf
 0000018D  FF 05 000001CF R					inc counter
 00000193  E9 FFFFFE9F						jmp start


 00000198						tuesday:
 00000198  E8 00000000 E					call readint
 0000019D  A3 00000202 R					mov hoursEmployeeWorkedOnDay2, eax				;storing received value in a variable
 000001A2  E8 00000000 E					call crlf
 000001A7  FF 05 000001CF R					inc counter
 000001AD  E9 FFFFFE85						jmp start

 000001B2						wednesday:

 000001B2  E8 00000000 E					call readint
 000001B7  A3 00000206 R					mov hoursEmployeeWorkedOnDay3, eax				;storing received value in a variable
 000001BC  E8 00000000 E					call crlf
 000001C1  FF 05 000001CF R					inc counter
 000001C7  E9 FFFFFE6B						jmp start

 000001CC						thursday:

 000001CC  E8 00000000 E					call readint
 000001D1  A3 0000020A R					mov hoursEmployeeWorkedOnDay4, eax				;storing received value in a variable
 000001D6  E8 00000000 E					call crlf
 000001DB  FF 05 000001CF R					inc counter
 000001E1  E9 FFFFFE51						jmp start

 000001E6						friday:
								
 000001E6  E8 00000000 E					call readint
 000001EB  A3 0000020E R					mov hoursEmployeeWorkedOnDay5, eax				;storing received value in a variable
 000001F0  E8 00000000 E					call crlf	
 000001F5  FF 05 000001CF R					inc counter
 000001FB  E9 FFFFFE37						jmp start

 00000200					L2:
 00000200  E8 00000000 E				call crlf
 00000205  BA 0000012D R				mov edx, offset leaveConfirmation
 0000020A  E8 00000000 E				call writestring									;displaying prompt which will ask user to confirm leave
 0000020F  E8 00000000 E				call readint
							
 00000214  83 F8 00					cmp eax, 0											;comparing entered value for jumping at particular label
 00000217  0F 84 FFFFFE1A				je start

 0000021D  FE 05 000001CE R				inc leaveCount
 00000223  80 3D 000001CE R				cmp leaveCount, 1
	   01
 0000022A  0F 8F 0000024A				jg L4
 00000230  E8 00000000 E				call crlf

 00000235  BA 000000E2 R				mov edx, offset nameEnter
 0000023A  E8 00000000 E				call writestring									;displaying prompt of asking user for his/her name

 0000023F  BA 000001EF R				mov edx, offset nameOfEmployee
 00000244  B9 0000000F					mov ecx, sizeof nameOfEmployee
 00000249  E8 00000000 E				call readstring										;taking name as a input from the user
 0000024E  E8 00000000 E				call crlf

 00000253  BA 000002A1 R				mov edx, offset equals
 00000258  E8 00000000 E				call writestring									;displaying number day corresponding table
 0000025D  E8 00000000 E				call crlf

 00000262  BA 000000F4 R				mov edx, offset dayEnter
 00000267  E8 00000000 E				call writestring									;displaying prompt of asking user for the day

 0000026C  83 3D 000001CF R				cmp counter, 1										;comparing entered day result for jumping at particular label
	   01
 00000273  74 24					je days_1
 00000275  83 3D 000001CF R				cmp counter, 2										;comparing entered day result for jumping at particular label
	   02
 0000027C  74 2C					je days_2
 0000027E  83 3D 000001CF R				cmp counter, 3										;comparing entered day result for jumping at particular label
	   03
 00000285  74 34					je days_3
 00000287  83 3D 000001CF R				cmp counter, 4										;comparing entered day result for jumping at particular label
	   04
 0000028E  74 3C					je days_4
 00000290  83 3D 000001CF R				cmp counter, 5										;comparing entered day result for jumping at particular label
	   05
 00000297  74 44					je days_5

 00000299						days_1: 
 00000299  E8 00000000 E					call readint
 0000029E  A3 000001DB R					mov day1, eax									;storing received value in a variable
 000002A3  E8 00000000 E					call crlf
 000002A8  EB 44						jmp hour
 000002AA						days_2:
 000002AA  E8 00000000 E					call readint
 000002AF  A3 000001DF R					mov day2, eax									;storing received value in a variable
 000002B4  E8 00000000 E					call crlf
 000002B9  EB 33						jmp hour

 000002BB						days_3:
 000002BB  E8 00000000 E					call readint
 000002C0  A3 000001E3 R					mov day3, eax									;storing received value in a variable
 000002C5  E8 00000000 E					call crlf
 000002CA  EB 22						jmp hour

 000002CC						days_4:
 000002CC  E8 00000000 E					call readint
 000002D1  A3 000001E7 R					mov day4, eax									;storing received value in a variable
 000002D6  E8 00000000 E					call crlf
 000002DB  EB 11						jmp hour

 000002DD						days_5:
 000002DD  E8 00000000 E					call readint
 000002E2  A3 000001EB R					mov day5, eax									;storing received value in a variable
 000002E7  E8 00000000 E					call crlf
 000002EC  EB 00						jmp hour
								

 000002EE					hour:

 000002EE  83 3D 000001CF R				cmp counter, 1										;comparing counter for jumping at particular label
	   01
 000002F5  74 24					je mon
 000002F7  83 3D 000001CF R				cmp counter, 2										;comparing counter for jumping at particular label
	   02
 000002FE  74 2D					je tues
 00000300  83 3D 000001CF R				cmp counter, 3										;comparing counter for jumping at particular label
	   03
 00000307  74 36					je wed
 00000309  83 3D 000001CF R				cmp counter, 4										;comparing counter for jumping at particular label
	   04
 00000310  74 3F					je thurs
 00000312  83 3D 000001CF R				cmp counter, 5										;comparing counter for jumping at particular label
	   05
 00000319  74 48					je fri
							
 0000031B						mon: 
 0000031B  C7 05 000001FE R					mov hoursEmployeeWorkedOnDay1, 8				;storing received value in a variable
	   00000008
 00000325  FF 05 000001CF R					inc counter
 0000032B  EB 48						jmp leaveConfirm

 0000032D						tues:
 0000032D  C7 05 00000202 R					mov hoursEmployeeWorkedOnDay2, 8				;storing received value in a variable
	   00000008
 00000337  FF 05 000001CF R					inc counter
 0000033D  EB 36						jmp leaveConfirm

 0000033F						wed:

 0000033F  C7 05 00000206 R					mov hoursEmployeeWorkedOnDay3, 8				;storing received value in a variable
	   00000008
 00000349  FF 05 000001CF R					inc counter
 0000034F  EB 24						jmp leaveConfirm

 00000351						thurs:

 00000351  C7 05 0000020A R					mov hoursEmployeeWorkedOnDay4, 8				;storing received value in a variable
	   00000008
 0000035B  FF 05 000001CF R					inc counter
 00000361  EB 12						jmp leaveConfirm

 00000363						fri:
								
 00000363  C7 05 0000020E R					mov hoursEmployeeWorkedOnDay5, 8				;storing received value in a variable
	   00000008
 0000036D  FF 05 000001CF R					inc counter
 00000373  EB 00						jmp leaveConfirm

 00000375					leaveConfirm:

 00000375  BA 00000171 R				mov edx, offset confirmedLeave
 0000037A  E8 00000000 E				call writestring									;displaying the prompt to tell user that leave has been confirmed
 0000037F  E8 00000000 E				call crlf
 00000384  E8 00000000 E				call crlf

 00000389  E9 FFFFFCA9					jmp start

 0000038E					L3:
 0000038E  E8 00000000 E				call crlf
 00000393  BA 00000212 R				mov edx, offset space
 00000398  E8 00000000 E				call writestring									
 0000039D  BA 000001A2 R				mov edx, offset nameHeading
 000003A2  E8 00000000 E				call writestring									;displaying name heading
 000003A7  BA 000001AF R				mov edx, offset dayHeading
 000003AC  E8 00000000 E				call writestring									;displaying day heading
 000003B1  BA 000001BB R				mov edx, offset hourHeading
 000003B6  E8 00000000 E				call writestring									;displaying hour heading
 000003BB  E8 00000000 E				call crlf

							INVOKE print, day1, hoursEmployeeWorkedOnDay1		;procedure to display on console
 000003C0  FF 35 000001FE R *	    push   hoursEmployeeWorkedOnDay1
 000003C6  FF 35 000001DB R *	    push   day1
 000003CC  E8 000000E5	   *	    call   print
 000003D1  E8 00000000 E				call crlf
							INVOKE print, day2, hoursEmployeeWorkedOnDay2		;procedure to display on console
 000003D6  FF 35 00000202 R *	    push   hoursEmployeeWorkedOnDay2
 000003DC  FF 35 000001DF R *	    push   day2
 000003E2  E8 000000CF	   *	    call   print
 000003E7  E8 00000000 E				call crlf
							INVOKE print, day3, hoursEmployeeWorkedOnDay3		;procedure to display on console
 000003EC  FF 35 00000206 R *	    push   hoursEmployeeWorkedOnDay3
 000003F2  FF 35 000001E3 R *	    push   day3
 000003F8  E8 000000B9	   *	    call   print
 000003FD  E8 00000000 E				call crlf
							INVOKE print, day4, hoursEmployeeWorkedOnDay4		;procedure to display on console
 00000402  FF 35 0000020A R *	    push   hoursEmployeeWorkedOnDay4
 00000408  FF 35 000001E7 R *	    push   day4
 0000040E  E8 000000A3	   *	    call   print
 00000413  E8 00000000 E				call crlf
							INVOKE print, day5, hoursEmployeeWorkedOnDay5		;procedure to display on console
 00000418  FF 35 0000020E R *	    push   hoursEmployeeWorkedOnDay5
 0000041E  FF 35 000001EB R *	    push   day5
 00000424  E8 0000008D	   *	    call   print
 00000429  E8 00000000 E				call crlf


 0000042E  E8 00000000 E				call crlf
 00000433  E8 00000000 E				call crlf
 00000438  BA 00000280 R				mov edx, offset hoursPrompt	
 0000043D  E8 00000000 E				call writeString
 00000442  E8 FFFFFBB9					call calSum											;calculating sum of hours
 00000447  E8 00000000 E				call writeint
 0000044C  E8 00000000 E				call crlf
 00000451  E8 00000000 E				call crlf

 00000456  BA 00000295 R				mov edx, offset totalPayPrompt
 0000045B  E8 00000000 E				call writestring
 00000460  F7 25 000001CA R				mul salaryPerHour									;calculating total salary
 00000466  E8 00000000 E				call writeint
 0000046B  E8 00000000 E				call crlf
 00000470  E8 00000000 E				call crlf

 00000475  E9 FFFFFBBD					jmp start

 0000047A					L4:
 0000047A  E8 00000000 E				call crlf
 0000047F  BA 0000018C R				mov edx, offset deniedLeave	
 00000484  E8 00000000 E				call writestring									;prompt to display when the leave is denied
 00000489  E8 00000000 E				call crlf
 0000048E  E8 00000000 E				call crlf

 00000493  E9 FFFFFB9F			        jmp start

 00000498				err:
 00000498  E8 00000000 E		    call crlf
 0000049D  BA 0000021B R		    mov edx, offset error
 000004A2  E8 00000000 E			call writestring										;error handling

 000004A7  E8 00000000 E			call crlf
 000004AC  E8 00000000 E			call crlf

 000004B1  E9 FFFFFB81				jmp start

 000004B6				_exit:

 000004B6			main endp

 000004B6			print proc uses edx, day: dword, hourWorked: dword				;procedure to display user date on console
					
 000004B6  55		   *	    push   ebp
 000004B7  8B EC	   *	    mov    ebp, esp
 000004B9  52		   *	    push   edx
 000004BA  BA 00000212 R		mov edx, offset space
 000004BF  E8 00000000 E		call writestring

 000004C4  BA 000001EF R		mov edx, offset nameOfEmployee
 000004C9  E8 00000000 E		call writestring

 000004CE  BA 00000212 R		mov edx, offset space
 000004D3  E8 00000000 E		call writestring

 000004D8  8B 45 08			mov eax, day
 000004DB  E8 00000000 E		call writeint

 000004E0  BA 00000212 R		mov edx, offset space
 000004E5  E8 00000000 E		call writestring

 000004EA  8B 45 0C			mov eax,  hourWorked
 000004ED  E8 00000000 E		call writeint

					ret
 000004F2  5A		   *	    pop    edx
 000004F3  C9		   *	    leave  
 000004F4  C2 0008	   *	    ret    00008h

 000004F7			print endp
				end main
Microsoft (R) Macro Assembler Version 14.23.28106.4	    12/17/19 10:41:21
project.asm						     Symbols 2 - 1




Structures and Unions:

                N a m e                  Size
                                         Offset      Type

CONSOLE_CURSOR_INFO  . . . . . .	 00000008
  dwSize . . . . . . . . . . . .	 00000000	 DWord
  bVisible . . . . . . . . . . .	 00000004	 DWord
CONSOLE_SCREEN_BUFFER_INFO . . .	 00000016
  dwSize . . . . . . . . . . . .	 00000000	 DWord
  dwCursorPosition . . . . . . .	 00000004	 DWord
  wAttributes  . . . . . . . . .	 00000008	 Word
  srWindow . . . . . . . . . . .	 0000000A	 QWord
  dwMaximumWindowSize  . . . . .	 00000012	 DWord
COORD  . . . . . . . . . . . . .	 00000004
  X  . . . . . . . . . . . . . .	 00000000	 Word
  Y  . . . . . . . . . . . . . .	 00000002	 Word
FILETIME . . . . . . . . . . . .	 00000008
  loDateTime . . . . . . . . . .	 00000000	 DWord
  hiDateTime . . . . . . . . . .	 00000004	 DWord
FOCUS_EVENT_RECORD . . . . . . .	 00000004
  bSetFocus  . . . . . . . . . .	 00000000	 DWord
FPU_ENVIRON  . . . . . . . . . .	 0000001C
  controlWord  . . . . . . . . .	 00000000	 Word
  statusWord . . . . . . . . . .	 00000004	 Word
  tagWord  . . . . . . . . . . .	 00000008	 Word
  instrPointerOffset . . . . . .	 0000000C	 DWord
  instrPointerSelector . . . . .	 00000010	 DWord
  operandPointerOffset . . . . .	 00000014	 DWord
  operandPointerSelector . . . .	 00000018	 Word
INPUT_RECORD . . . . . . . . . .	 00000014
  EventType  . . . . . . . . . .	 00000000	 Word
  Event  . . . . . . . . . . . .	 00000004	 XmmWord
  bKeyDown . . . . . . . . . . .	 00000000	 DWord
  wRepeatCount . . . . . . . . .	 00000004	 Word
  wVirtualKeyCode  . . . . . . .	 00000006	 Word
  wVirtualScanCode . . . . . . .	 00000008	 Word
  uChar  . . . . . . . . . . . .	 0000000A	 Word
  UnicodeChar  . . . . . . . . .	 00000000	 Word
  AsciiChar  . . . . . . . . . .	 00000000	 Byte
  dwControlKeyState  . . . . . .	 0000000C	 DWord
  dwMousePosition  . . . . . . .	 00000000	 DWord
  dwButtonState  . . . . . . . .	 00000004	 DWord
  dwMouseControlKeyState . . . .	 00000008	 DWord
  dwEventFlags . . . . . . . . .	 0000000C	 DWord
  dwSize . . . . . . . . . . . .	 00000000	 DWord
  dwCommandId  . . . . . . . . .	 00000000	 DWord
  bSetFocus  . . . . . . . . . .	 00000000	 DWord
KEY_EVENT_RECORD . . . . . . . .	 00000010
  bKeyDown . . . . . . . . . . .	 00000000	 DWord
  wRepeatCount . . . . . . . . .	 00000004	 Word
  wVirtualKeyCode  . . . . . . .	 00000006	 Word
  wVirtualScanCode . . . . . . .	 00000008	 Word
  uChar  . . . . . . . . . . . .	 0000000A	 Word
  UnicodeChar  . . . . . . . . .	 00000000	 Word
  AsciiChar  . . . . . . . . . .	 00000000	 Byte
  dwControlKeyState  . . . . . .	 0000000C	 DWord
MENU_EVENT_RECORD  . . . . . . .	 00000004
  dwCommandId  . . . . . . . . .	 00000000	 DWord
MOUSE_EVENT_RECORD . . . . . . .	 00000010
  dwMousePosition  . . . . . . .	 00000000	 DWord
  dwButtonState  . . . . . . . .	 00000004	 DWord
  dwMouseControlKeyState . . . .	 00000008	 DWord
  dwEventFlags . . . . . . . . .	 0000000C	 DWord
SMALL_RECT . . . . . . . . . . .	 00000008
  Left . . . . . . . . . . . . .	 00000000	 Word
  Top  . . . . . . . . . . . . .	 00000002	 Word
  Right  . . . . . . . . . . . .	 00000004	 Word
  Bottom . . . . . . . . . . . .	 00000006	 Word
SYSTEMTIME . . . . . . . . . . .	 00000010
  wYear  . . . . . . . . . . . .	 00000000	 Word
  wMonth . . . . . . . . . . . .	 00000002	 Word
  wDayOfWeek . . . . . . . . . .	 00000004	 Word
  wDay . . . . . . . . . . . . .	 00000006	 Word
  wHour  . . . . . . . . . . . .	 00000008	 Word
  wMinute  . . . . . . . . . . .	 0000000A	 Word
  wSecond  . . . . . . . . . . .	 0000000C	 Word
  wMilliseconds  . . . . . . . .	 0000000E	 Word
WINDOW_BUFFER_SIZE_RECORD  . . .	 00000004
  dwSize . . . . . . . . . . . .	 00000000	 DWord


Segments and Groups:

                N a m e                 Size     Length   Align   Combine Class

FLAT . . . . . . . . . . . . . .	GROUP
STACK  . . . . . . . . . . . . .	32 Bit	 00001000 Para	  Stack	  'STACK'	 
_DATA  . . . . . . . . . . . . .	32 Bit	 00000367 Para	  Public  'DATA'	
_TEXT  . . . . . . . . . . . . .	32 Bit	 000004F7 Para	  Public  'CODE'	


Procedures, parameters, and locals:

                N a m e                 Type     Value    Attr

CloseFile  . . . . . . . . . . .	P Near	 00000000 FLAT	Length= 00000000 External STDCALL
CloseHandle  . . . . . . . . . .	P Near	 00000000 FLAT	Length= 00000000 External STDCALL
Clrscr . . . . . . . . . . . . .	P Near	 00000000 FLAT	Length= 00000000 External STDCALL
CreateFileA  . . . . . . . . . .	P Near	 00000000 FLAT	Length= 00000000 External STDCALL
CreateOutputFile . . . . . . . .	P Near	 00000000 FLAT	Length= 00000000 External STDCALL
Crlf . . . . . . . . . . . . . .	P Near	 00000000 FLAT	Length= 00000000 External STDCALL
Delay  . . . . . . . . . . . . .	P Near	 00000000 FLAT	Length= 00000000 External STDCALL
DumpMem  . . . . . . . . . . . .	P Near	 00000000 FLAT	Length= 00000000 External STDCALL
DumpRegs . . . . . . . . . . . .	P Near	 00000000 FLAT	Length= 00000000 External STDCALL
ExitProcess  . . . . . . . . . .	P Near	 00000000 FLAT	Length= 00000000 External STDCALL
FileTimeToDosDateTime  . . . . .	P Near	 00000000 FLAT	Length= 00000000 External STDCALL
FileTimeToSystemTime . . . . . .	P Near	 00000000 FLAT	Length= 00000000 External STDCALL
FlushConsoleInputBuffer  . . . .	P Near	 00000000 FLAT	Length= 00000000 External STDCALL
FormatMessageA . . . . . . . . .	P Near	 00000000 FLAT	Length= 00000000 External STDCALL
GetCommandLineA  . . . . . . . .	P Near	 00000000 FLAT	Length= 00000000 External STDCALL
GetCommandTail . . . . . . . . .	P Near	 00000000 FLAT	Length= 00000000 External STDCALL
GetConsoleCP . . . . . . . . . .	P Near	 00000000 FLAT	Length= 00000000 External STDCALL
GetConsoleCursorInfo . . . . . .	P Near	 00000000 FLAT	Length= 00000000 External STDCALL
GetConsoleMode . . . . . . . . .	P Near	 00000000 FLAT	Length= 00000000 External STDCALL
GetConsoleScreenBufferInfo . . .	P Near	 00000000 FLAT	Length= 00000000 External STDCALL
GetDateTime  . . . . . . . . . .	P Near	 00000000 FLAT	Length= 00000000 External STDCALL
GetFileTime  . . . . . . . . . .	P Near	 00000000 FLAT	Length= 00000000 External STDCALL
GetKeyState  . . . . . . . . . .	P Near	 00000000 FLAT	Length= 00000000 External STDCALL
GetLastError . . . . . . . . . .	P Near	 00000000 FLAT	Length= 00000000 External STDCALL
GetLocalTime . . . . . . . . . .	P Near	 00000000 FLAT	Length= 00000000 External STDCALL
GetMaxXY . . . . . . . . . . . .	P Near	 00000000 FLAT	Length= 00000000 External STDCALL
GetMseconds  . . . . . . . . . .	P Near	 00000000 FLAT	Length= 00000000 External STDCALL
GetNumberOfConsoleInputEvents  .	P Near	 00000000 FLAT	Length= 00000000 External STDCALL
GetProcessHeap . . . . . . . . .	P Near	 00000000 FLAT	Length= 00000000 External STDCALL
GetStdHandle . . . . . . . . . .	P Near	 00000000 FLAT	Length= 00000000 External STDCALL
GetSystemTime  . . . . . . . . .	P Near	 00000000 FLAT	Length= 00000000 External STDCALL
GetTextColor . . . . . . . . . .	P Near	 00000000 FLAT	Length= 00000000 External STDCALL
GetTickCount . . . . . . . . . .	P Near	 00000000 FLAT	Length= 00000000 External STDCALL
Gotoxy . . . . . . . . . . . . .	P Near	 00000000 FLAT	Length= 00000000 External STDCALL
HeapAlloc  . . . . . . . . . . .	P Near	 00000000 FLAT	Length= 00000000 External STDCALL
HeapCreate . . . . . . . . . . .	P Near	 00000000 FLAT	Length= 00000000 External STDCALL
HeapDestroy  . . . . . . . . . .	P Near	 00000000 FLAT	Length= 00000000 External STDCALL
HeapFree . . . . . . . . . . . .	P Near	 00000000 FLAT	Length= 00000000 External STDCALL
HeapSize . . . . . . . . . . . .	P Near	 00000000 FLAT	Length= 00000000 External STDCALL
IsDigit  . . . . . . . . . . . .	P Near	 00000000 FLAT	Length= 00000000 External STDCALL
LocalFree  . . . . . . . . . . .	P Near	 00000000 FLAT	Length= 00000000 External STDCALL
MessageBoxA  . . . . . . . . . .	P Near	 00000000 FLAT	Length= 00000000 External STDCALL
MsgBoxAsk  . . . . . . . . . . .	P Near	 00000000 FLAT	Length= 00000000 External STDCALL
MsgBox . . . . . . . . . . . . .	P Near	 00000000 FLAT	Length= 00000000 External STDCALL
OpenInputFile  . . . . . . . . .	P Near	 00000000 FLAT	Length= 00000000 External STDCALL
ParseDecimal32 . . . . . . . . .	P Near	 00000000 FLAT	Length= 00000000 External STDCALL
ParseInteger32 . . . . . . . . .	P Near	 00000000 FLAT	Length= 00000000 External STDCALL
PeekConsoleInputA  . . . . . . .	P Near	 00000000 FLAT	Length= 00000000 External STDCALL
Random32 . . . . . . . . . . . .	P Near	 00000000 FLAT	Length= 00000000 External STDCALL
RandomRange  . . . . . . . . . .	P Near	 00000000 FLAT	Length= 00000000 External STDCALL
Randomize  . . . . . . . . . . .	P Near	 00000000 FLAT	Length= 00000000 External STDCALL
ReadChar . . . . . . . . . . . .	P Near	 00000000 FLAT	Length= 00000000 External STDCALL
ReadConsoleA . . . . . . . . . .	P Near	 00000000 FLAT	Length= 00000000 External STDCALL
ReadConsoleInputA  . . . . . . .	P Near	 00000000 FLAT	Length= 00000000 External STDCALL
ReadDec  . . . . . . . . . . . .	P Near	 00000000 FLAT	Length= 00000000 External STDCALL
ReadFile . . . . . . . . . . . .	P Near	 00000000 FLAT	Length= 00000000 External STDCALL
ReadFloat  . . . . . . . . . . .	P Near	 00000000 FLAT	Length= 00000000 External STDCALL
ReadFromFile . . . . . . . . . .	P Near	 00000000 FLAT	Length= 00000000 External STDCALL
ReadHex  . . . . . . . . . . . .	P Near	 00000000 FLAT	Length= 00000000 External STDCALL
ReadInt  . . . . . . . . . . . .	P Near	 00000000 FLAT	Length= 00000000 External STDCALL
ReadKeyFlush . . . . . . . . . .	P Near	 00000000 FLAT	Length= 00000000 External STDCALL
ReadKey  . . . . . . . . . . . .	P Near	 00000000 FLAT	Length= 00000000 External STDCALL
ReadString . . . . . . . . . . .	P Near	 00000000 FLAT	Length= 00000000 External STDCALL
SetConsoleCursorInfo . . . . . .	P Near	 00000000 FLAT	Length= 00000000 External STDCALL
SetConsoleCursorPosition . . . .	P Near	 00000000 FLAT	Length= 00000000 External STDCALL
SetConsoleMode . . . . . . . . .	P Near	 00000000 FLAT	Length= 00000000 External STDCALL
SetConsoleScreenBufferSize . . .	P Near	 00000000 FLAT	Length= 00000000 External STDCALL
SetConsoleTextAttribute  . . . .	P Near	 00000000 FLAT	Length= 00000000 External STDCALL
SetConsoleTitleA . . . . . . . .	P Near	 00000000 FLAT	Length= 00000000 External STDCALL
SetConsoleWindowInfo . . . . . .	P Near	 00000000 FLAT	Length= 00000000 External STDCALL
SetFilePointer . . . . . . . . .	P Near	 00000000 FLAT	Length= 00000000 External STDCALL
SetLocalTime . . . . . . . . . .	P Near	 00000000 FLAT	Length= 00000000 External STDCALL
SetTextColor . . . . . . . . . .	P Near	 00000000 FLAT	Length= 00000000 External STDCALL
ShowFPUStack . . . . . . . . . .	P Near	 00000000 FLAT	Length= 00000000 External STDCALL
Sleep  . . . . . . . . . . . . .	P Near	 00000000 FLAT	Length= 00000000 External STDCALL
StrLength  . . . . . . . . . . .	P Near	 00000000 FLAT	Length= 00000000 External STDCALL
Str_compare  . . . . . . . . . .	P Near	 00000000 FLAT	Length= 00000000 External STDCALL
Str_copy . . . . . . . . . . . .	P Near	 00000000 FLAT	Length= 00000000 External STDCALL
Str_length . . . . . . . . . . .	P Near	 00000000 FLAT	Length= 00000000 External STDCALL
Str_trim . . . . . . . . . . . .	P Near	 00000000 FLAT	Length= 00000000 External STDCALL
Str_ucase  . . . . . . . . . . .	P Near	 00000000 FLAT	Length= 00000000 External STDCALL
SystemTimeToFileTime . . . . . .	P Near	 00000000 FLAT	Length= 00000000 External STDCALL
WaitMsg  . . . . . . . . . . . .	P Near	 00000000 FLAT	Length= 00000000 External STDCALL
WriteBinB  . . . . . . . . . . .	P Near	 00000000 FLAT	Length= 00000000 External STDCALL
WriteBin . . . . . . . . . . . .	P Near	 00000000 FLAT	Length= 00000000 External STDCALL
WriteChar  . . . . . . . . . . .	P Near	 00000000 FLAT	Length= 00000000 External STDCALL
WriteConsoleA  . . . . . . . . .	P Near	 00000000 FLAT	Length= 00000000 External STDCALL
WriteConsoleOutputAttribute  . .	P Near	 00000000 FLAT	Length= 00000000 External STDCALL
WriteConsoleOutputCharacterA . .	P Near	 00000000 FLAT	Length= 00000000 External STDCALL
WriteDec . . . . . . . . . . . .	P Near	 00000000 FLAT	Length= 00000000 External STDCALL
WriteFile  . . . . . . . . . . .	P Near	 00000000 FLAT	Length= 00000000 External STDCALL
WriteFloat . . . . . . . . . . .	P Near	 00000000 FLAT	Length= 00000000 External STDCALL
WriteHexB  . . . . . . . . . . .	P Near	 00000000 FLAT	Length= 00000000 External STDCALL
WriteHex . . . . . . . . . . . .	P Near	 00000000 FLAT	Length= 00000000 External STDCALL
WriteInt . . . . . . . . . . . .	P Near	 00000000 FLAT	Length= 00000000 External STDCALL
WriteStackFrameName  . . . . . .	P Near	 00000000 FLAT	Length= 00000000 External STDCALL
WriteStackFrame  . . . . . . . .	P Near	 00000000 FLAT	Length= 00000000 External STDCALL
WriteString  . . . . . . . . . .	P Near	 00000000 FLAT	Length= 00000000 External STDCALL
WriteToFile  . . . . . . . . . .	P Near	 00000000 FLAT	Length= 00000000 External STDCALL
WriteWindowsMsg  . . . . . . . .	P Near	 00000000 FLAT	Length= 00000000 External STDCALL
calSum . . . . . . . . . . . . .	P Near	 00000000 _TEXT	Length= 0000001E Public STDCALL
main . . . . . . . . . . . . . .	P Near	 0000001E _TEXT	Length= 00000498 Public STDCALL
  start  . . . . . . . . . . . .	L Near	 00000037 _TEXT	
  L1 . . . . . . . . . . . . . .	L Near	 0000007F _TEXT	
  day_1  . . . . . . . . . . . .	L Near	 000000F2 _TEXT	
  day_2  . . . . . . . . . . . .	L Near	 00000103 _TEXT	
  day_3  . . . . . . . . . . . .	L Near	 00000114 _TEXT	
  day_4  . . . . . . . . . . . .	L Near	 00000125 _TEXT	
  day_5  . . . . . . . . . . . .	L Near	 00000136 _TEXT	
  hours  . . . . . . . . . . . .	L Near	 00000147 _TEXT	
  monday . . . . . . . . . . . .	L Near	 0000017E _TEXT	
  tuesday  . . . . . . . . . . .	L Near	 00000198 _TEXT	
  wednesday  . . . . . . . . . .	L Near	 000001B2 _TEXT	
  thursday . . . . . . . . . . .	L Near	 000001CC _TEXT	
  friday . . . . . . . . . . . .	L Near	 000001E6 _TEXT	
  L2 . . . . . . . . . . . . . .	L Near	 00000200 _TEXT	
  days_1 . . . . . . . . . . . .	L Near	 00000299 _TEXT	
  days_2 . . . . . . . . . . . .	L Near	 000002AA _TEXT	
  days_3 . . . . . . . . . . . .	L Near	 000002BB _TEXT	
  days_4 . . . . . . . . . . . .	L Near	 000002CC _TEXT	
  days_5 . . . . . . . . . . . .	L Near	 000002DD _TEXT	
  hour . . . . . . . . . . . . .	L Near	 000002EE _TEXT	
  mon  . . . . . . . . . . . . .	L Near	 0000031B _TEXT	
  tues . . . . . . . . . . . . .	L Near	 0000032D _TEXT	
  wed  . . . . . . . . . . . . .	L Near	 0000033F _TEXT	
  thurs  . . . . . . . . . . . .	L Near	 00000351 _TEXT	
  fri  . . . . . . . . . . . . .	L Near	 00000363 _TEXT	
  leaveConfirm . . . . . . . . .	L Near	 00000375 _TEXT	
  L3 . . . . . . . . . . . . . .	L Near	 0000038E _TEXT	
  L4 . . . . . . . . . . . . . .	L Near	 0000047A _TEXT	
  err  . . . . . . . . . . . . .	L Near	 00000498 _TEXT	
  _exit  . . . . . . . . . . . .	L Near	 000004B6 _TEXT	
printf . . . . . . . . . . . . .	P Near	 00000000 FLAT	Length= 00000000 External C
print  . . . . . . . . . . . . .	P Near	 000004B6 _TEXT	Length= 00000041 Public STDCALL
  day  . . . . . . . . . . . . .	DWord	 bp + 00000008
  hourWorked . . . . . . . . . .	DWord	 bp + 0000000C
scanf  . . . . . . . . . . . . .	P Near	 00000000 FLAT	Length= 00000000 External C
wsprintfA  . . . . . . . . . . .	P Near	 00000000 FLAT	Length= 00000000 External C


Symbols:

                N a m e                 Type     Value    Attr

@CodeSize  . . . . . . . . . . .	Number	 00000000h   
@DataSize  . . . . . . . . . . .	Number	 00000000h   
@Interface . . . . . . . . . . .	Number	 00000003h   
@Model . . . . . . . . . . . . .	Number	 00000007h   
@code  . . . . . . . . . . . . .	Text   	 _TEXT
@data  . . . . . . . . . . . . .	Text   	 FLAT
@fardata?  . . . . . . . . . . .	Text   	 FLAT
@fardata . . . . . . . . . . . .	Text   	 FLAT
@stack . . . . . . . . . . . . .	Text   	 FLAT
ALT_MASK . . . . . . . . . . . .	Number	 00000003h   
CAPSLOCK_ON  . . . . . . . . . .	Number	 00000080h   
CREATE_ALWAYS  . . . . . . . . .	Number	 00000002h   
CREATE_NEW . . . . . . . . . . .	Number	 00000001h   
CTRL_MASK  . . . . . . . . . . .	Number	 0000000Ch   
CreateFile . . . . . . . . . . .	Text   	 CreateFileA
DO_NOT_SHARE . . . . . . . . . .	Number	 00000000h   
ENABLE_ECHO_INPUT  . . . . . . .	Number	 00000004h   
ENABLE_LINE_INPUT  . . . . . . .	Number	 00000002h   
ENABLE_MOUSE_INPUT . . . . . . .	Number	 00000010h   
ENABLE_PROCESSED_INPUT . . . . .	Number	 00000001h   
ENABLE_PROCESSED_OUTPUT  . . . .	Number	 00000001h   
ENABLE_WINDOW_INPUT  . . . . . .	Number	 00000008h   
ENABLE_WRAP_AT_EOL_OUTPUT  . . .	Number	 00000002h   
ENHANCED_KEY . . . . . . . . . .	Number	 00000100h   
FALSE  . . . . . . . . . . . . .	Number	 00000000h   
FILE_APPEND_DATA . . . . . . . .	Number	 00000004h   
FILE_ATTRIBUTE_ARCHIVE . . . . .	Number	 00000020h   
FILE_ATTRIBUTE_COMPRESSED  . . .	Number	 00000800h   
FILE_ATTRIBUTE_DEVICE  . . . . .	Number	 00000040h   
FILE_ATTRIBUTE_DIRECTORY . . . .	Number	 00000010h   
FILE_ATTRIBUTE_ENCRYPTED . . . .	Number	 00004000h   
FILE_ATTRIBUTE_HIDDEN  . . . . .	Number	 00000002h   
FILE_ATTRIBUTE_NORMAL  . . . . .	Number	 00000080h   
FILE_ATTRIBUTE_NOT_CONTENT_INDEXED .	Number	 00002000h   
FILE_ATTRIBUTE_OFFLINE . . . . .	Number	 00001000h   
FILE_ATTRIBUTE_READONLY  . . . .	Number	 00000001h   
FILE_ATTRIBUTE_REPARSE_POINT . .	Number	 00000400h   
FILE_ATTRIBUTE_SPARSE_FILE . . .	Number	 00000200h   
FILE_ATTRIBUTE_SYSTEM  . . . . .	Number	 00000004h   
FILE_ATTRIBUTE_TEMPORARY . . . .	Number	 00000100h   
FILE_BEGIN . . . . . . . . . . .	Number	 00000000h   
FILE_CURRENT . . . . . . . . . .	Number	 00000001h   
FILE_DELETE_CHILD  . . . . . . .	Number	 00000040h   
FILE_END . . . . . . . . . . . .	Number	 00000002h   
FILE_READ_DATA . . . . . . . . .	Number	 00000001h   
FILE_SHARE_DELETE  . . . . . . .	Number	 00000004h   
FILE_SHARE_READ  . . . . . . . .	Number	 00000001h   
FILE_SHARE_WRITE . . . . . . . .	Number	 00000002h   
FILE_WRITE_DATA  . . . . . . . .	Number	 00000002h   
FOCUS_EVENT  . . . . . . . . . .	Number	 00000010h   
FORMAT_MESSAGE_ALLOCATE_BUFFER .	Number	 00000100h   
FORMAT_MESSAGE_FROM_SYSTEM . . .	Number	 00001000h   
FormatMessage  . . . . . . . . .	Text   	 FormatMessageA
GENERIC_ALL  . . . . . . . . . .	Number	 10000000h   
GENERIC_EXECUTE  . . . . . . . .	Number	 20000000h   
GENERIC_READ . . . . . . . . . .	Number	 -80000000h   
GENERIC_WRITE  . . . . . . . . .	Number	 40000000h   
GetCommandLine . . . . . . . . .	Text   	 GetCommandLineA
HANDLE . . . . . . . . . . . . .	Text   	 DWORD
HEAP_GENERATE_EXCEPTIONS . . . .	Number	 00000004h   
HEAP_GROWABLE  . . . . . . . . .	Number	 00000002h   
HEAP_NO_SERIALIZE  . . . . . . .	Number	 00000001h   
HEAP_REALLOC_IN_PLACE_ONLY . . .	Number	 00000010h   
HEAP_ZERO_MEMORY . . . . . . . .	Number	 00000008h   
IDABORT  . . . . . . . . . . . .	Number	 00000003h   
IDCANCEL . . . . . . . . . . . .	Number	 00000002h   
IDCLOSE  . . . . . . . . . . . .	Number	 00000008h   
IDCONTINUE . . . . . . . . . . .	Number	 0000000Bh   
IDHELP . . . . . . . . . . . . .	Number	 00000009h   
IDIGNORE . . . . . . . . . . . .	Number	 00000005h   
IDNO . . . . . . . . . . . . . .	Number	 00000007h   
IDOK . . . . . . . . . . . . . .	Number	 00000001h   
IDRETRY  . . . . . . . . . . . .	Number	 00000004h   
IDTIMEOUT  . . . . . . . . . . .	Number	 00007D00h   
IDTRYAGAIN . . . . . . . . . . .	Number	 0000000Ah   
IDYES  . . . . . . . . . . . . .	Number	 00000006h   
INVALID_HANDLE_VALUE . . . . . .	Number	 -00000001h   
KBDOWN_FLAG  . . . . . . . . . .	Number	 00000001h   
KEY_EVENT  . . . . . . . . . . .	Number	 00000001h   
KEY_MASKS  . . . . . . . . . . .	Number	 0000001Fh   
LEFT_ALT_PRESSED . . . . . . . .	Number	 00000002h   
LEFT_CTRL_PRESSED  . . . . . . .	Number	 00000008h   
MB_ABORTRETRYIGNORE  . . . . . .	Number	 00000002h   
MB_APPLMODAL . . . . . . . . . .	Number	 00000000h   
MB_CANCELTRYCONTINUE . . . . . .	Number	 00000006h   
MB_DEFBUTTON1  . . . . . . . . .	Number	 00000000h   
MB_DEFBUTTON2  . . . . . . . . .	Number	 00000100h   
MB_DEFBUTTON3  . . . . . . . . .	Number	 00000200h   
MB_DEFBUTTON4  . . . . . . . . .	Number	 00000300h   
MB_HELP  . . . . . . . . . . . .	Number	 00004000h   
MB_ICONASTERISK  . . . . . . . .	Number	 00000040h   
MB_ICONERROR . . . . . . . . . .	Number	 00000010h   
MB_ICONEXCLAMATION . . . . . . .	Number	 00000030h   
MB_ICONHAND  . . . . . . . . . .	Number	 00000010h   
MB_ICONINFORMATION . . . . . . .	Number	 00000040h   
MB_ICONQUESTION  . . . . . . . .	Number	 00000020h   
MB_ICONSTOP  . . . . . . . . . .	Number	 00000010h   
MB_ICONWARNING . . . . . . . . .	Number	 00000030h   
MB_OKCANCEL  . . . . . . . . . .	Number	 00000001h   
MB_OK  . . . . . . . . . . . . .	Number	 00000000h   
MB_RETRYCANCEL . . . . . . . . .	Number	 00000005h   
MB_SYSTEMMODAL . . . . . . . . .	Number	 00001000h   
MB_TASKMODAL . . . . . . . . . .	Number	 00002000h   
MB_USERICON  . . . . . . . . . .	Number	 00000080h   
MB_YESNOCANCEL . . . . . . . . .	Number	 00000003h   
MB_YESNO . . . . . . . . . . . .	Number	 00000004h   
MENU_EVENT . . . . . . . . . . .	Number	 00000008h   
MOUSE_EVENT  . . . . . . . . . .	Number	 00000002h   
MessageBox . . . . . . . . . . .	Text   	 MessageBoxA
NULL . . . . . . . . . . . . . .	Number	 00000000h   
NUMLOCK_ON . . . . . . . . . . .	Number	 00000020h   
OPEN_ALWAYS  . . . . . . . . . .	Number	 00000004h   
OPEN_EXISTING  . . . . . . . . .	Number	 00000003h   
PeekConsoleInput . . . . . . . .	Text   	 PeekConsoleInputA
RIGHT_ALT_PRESSED  . . . . . . .	Number	 00000001h   
RIGHT_CTRL_PRESSED . . . . . . .	Number	 00000004h   
ReadConsoleInput . . . . . . . .	Text   	 ReadConsoleInputA
ReadConsole  . . . . . . . . . .	Text   	 ReadConsoleA
SCROLLLOCK_ON  . . . . . . . . .	Number	 00000040h   
SHIFT_MASK . . . . . . . . . . .	Number	 00000010h   
SHIFT_PRESSED  . . . . . . . . .	Number	 00000010h   
STD_ERROR_HANDLE . . . . . . . .	Number	 -0000000Ch   
STD_INPUT_HANDLE . . . . . . . .	Number	 -0000000Ah   
STD_OUTPUT_HANDLE  . . . . . . .	Number	 -0000000Bh   
SetConsoleTitle  . . . . . . . .	Text   	 SetConsoleTitleA
TAB  . . . . . . . . . . . . . .	Number	 00000009h   
TRUE . . . . . . . . . . . . . .	Number	 00000001h   
TRUNCATE_EXISTING  . . . . . . .	Number	 00000005h   
VK_11  . . . . . . . . . . . . .	Number	 000000BDh   
VK_12  . . . . . . . . . . . . .	Number	 000000BBh   
VK_ADD . . . . . . . . . . . . .	Number	 0000006Bh   
VK_BACK  . . . . . . . . . . . .	Number	 00000008h   
VK_CANCEL  . . . . . . . . . . .	Number	 00000003h   
VK_CAPITAL . . . . . . . . . . .	Number	 00000014h   
VK_CLEAR . . . . . . . . . . . .	Number	 0000000Ch   
VK_CONTROL . . . . . . . . . . .	Number	 00000011h   
VK_DECIMAL . . . . . . . . . . .	Number	 0000006Eh   
VK_DELETE  . . . . . . . . . . .	Number	 0000002Eh   
VK_DIVIDE  . . . . . . . . . . .	Number	 0000006Fh   
VK_DOWN  . . . . . . . . . . . .	Number	 00000028h   
VK_END . . . . . . . . . . . . .	Number	 00000023h   
VK_ESCAPE  . . . . . . . . . . .	Number	 0000001Bh   
VK_EXECUTE . . . . . . . . . . .	Number	 0000002Bh   
VK_F10 . . . . . . . . . . . . .	Number	 00000079h   
VK_F11 . . . . . . . . . . . . .	Number	 0000007Ah   
VK_F12 . . . . . . . . . . . . .	Number	 0000007Bh   
VK_F13 . . . . . . . . . . . . .	Number	 0000007Ch   
VK_F14 . . . . . . . . . . . . .	Number	 0000007Dh   
VK_F15 . . . . . . . . . . . . .	Number	 0000007Eh   
VK_F16 . . . . . . . . . . . . .	Number	 0000007Fh   
VK_F17 . . . . . . . . . . . . .	Number	 00000080h   
VK_F18 . . . . . . . . . . . . .	Number	 00000081h   
VK_F19 . . . . . . . . . . . . .	Number	 00000082h   
VK_F1  . . . . . . . . . . . . .	Number	 00000070h   
VK_F20 . . . . . . . . . . . . .	Number	 00000083h   
VK_F21 . . . . . . . . . . . . .	Number	 00000084h   
VK_F22 . . . . . . . . . . . . .	Number	 00000085h   
VK_F23 . . . . . . . . . . . . .	Number	 00000086h   
VK_F24 . . . . . . . . . . . . .	Number	 00000087h   
VK_F2  . . . . . . . . . . . . .	Number	 00000071h   
VK_F3  . . . . . . . . . . . . .	Number	 00000072h   
VK_F4  . . . . . . . . . . . . .	Number	 00000073h   
VK_F5  . . . . . . . . . . . . .	Number	 00000074h   
VK_F6  . . . . . . . . . . . . .	Number	 00000075h   
VK_F7  . . . . . . . . . . . . .	Number	 00000076h   
VK_F8  . . . . . . . . . . . . .	Number	 00000077h   
VK_F9  . . . . . . . . . . . . .	Number	 00000078h   
VK_HELP  . . . . . . . . . . . .	Number	 0000002Fh   
VK_HOME  . . . . . . . . . . . .	Number	 00000024h   
VK_INSERT  . . . . . . . . . . .	Number	 0000002Dh   
VK_LBUTTON . . . . . . . . . . .	Number	 00000001h   
VK_LCONTROL  . . . . . . . . . .	Number	 000000A2h   
VK_LEFT  . . . . . . . . . . . .	Number	 00000025h   
VK_LMENU . . . . . . . . . . . .	Number	 000000A4h   
VK_LSHIFT  . . . . . . . . . . .	Number	 000000A0h   
VK_MENU  . . . . . . . . . . . .	Number	 00000012h   
VK_MULTIPLY  . . . . . . . . . .	Number	 0000006Ah   
VK_NEXT  . . . . . . . . . . . .	Number	 00000022h   
VK_NUMLOCK . . . . . . . . . . .	Number	 00000090h   
VK_NUMPAD0 . . . . . . . . . . .	Number	 00000060h   
VK_NUMPAD1 . . . . . . . . . . .	Number	 00000061h   
VK_NUMPAD2 . . . . . . . . . . .	Number	 00000062h   
VK_NUMPAD3 . . . . . . . . . . .	Number	 00000063h   
VK_NUMPAD4 . . . . . . . . . . .	Number	 00000064h   
VK_NUMPAD5 . . . . . . . . . . .	Number	 00000065h   
VK_NUMPAD6 . . . . . . . . . . .	Number	 00000066h   
VK_NUMPAD7 . . . . . . . . . . .	Number	 00000067h   
VK_NUMPAD8 . . . . . . . . . . .	Number	 00000068h   
VK_NUMPAD9 . . . . . . . . . . .	Number	 00000069h   
VK_PAUSE . . . . . . . . . . . .	Number	 00000013h   
VK_PRINT . . . . . . . . . . . .	Number	 0000002Ah   
VK_PRIOR . . . . . . . . . . . .	Number	 00000021h   
VK_RBUTTON . . . . . . . . . . .	Number	 00000002h   
VK_RCONTROL  . . . . . . . . . .	Number	 000000A3h   
VK_RETURN  . . . . . . . . . . .	Number	 0000000Dh   
VK_RIGHT . . . . . . . . . . . .	Number	 00000027h   
VK_RMENU . . . . . . . . . . . .	Number	 000000A5h   
VK_RSHIFT  . . . . . . . . . . .	Number	 000000A1h   
VK_SCROLL  . . . . . . . . . . .	Number	 00000091h   
VK_SEPARATER . . . . . . . . . .	Number	 0000006Ch   
VK_SHIFT . . . . . . . . . . . .	Number	 00000010h   
VK_SNAPSHOT  . . . . . . . . . .	Number	 0000002Ch   
VK_SPACE . . . . . . . . . . . .	Number	 00000020h   
VK_SUBTRACT  . . . . . . . . . .	Number	 0000006Dh   
VK_TAB . . . . . . . . . . . . .	Number	 00000009h   
VK_UP  . . . . . . . . . . . . .	Number	 00000026h   
WINDOW_BUFFER_SIZE_EVENT . . . .	Number	 00000004h   
WriteConsoleOutputCharacter  . .	Text   	 WriteConsoleOutputCharacterA
WriteConsole . . . . . . . . . .	Text   	 WriteConsoleA
black  . . . . . . . . . . . . .	Number	 00000000h   
blue . . . . . . . . . . . . . .	Number	 00000001h   
brown  . . . . . . . . . . . . .	Number	 00000006h   
confirmedLeave . . . . . . . . .	Byte	 00000171 _DATA	
counter  . . . . . . . . . . . .	DWord	 000001CF _DATA	
cyan . . . . . . . . . . . . . .	Number	 00000003h   
day1 . . . . . . . . . . . . . .	DWord	 000001DB _DATA	
day2 . . . . . . . . . . . . . .	DWord	 000001DF _DATA	
day3 . . . . . . . . . . . . . .	DWord	 000001E3 _DATA	
day4 . . . . . . . . . . . . . .	DWord	 000001E7 _DATA	
day5 . . . . . . . . . . . . . .	DWord	 000001EB _DATA	
dayEnter . . . . . . . . . . . .	Byte	 000000F4 _DATA	
dayHeading . . . . . . . . . . .	Byte	 000001AF _DATA	
deniedLeave  . . . . . . . . . .	Byte	 0000018C _DATA	
equals . . . . . . . . . . . . .	Byte	 000002A1 _DATA	
error  . . . . . . . . . . . . .	Byte	 0000021B _DATA	
exit . . . . . . . . . . . . . .	Text   	 INVOKE ExitProcess,0
gray . . . . . . . . . . . . . .	Number	 00000008h   
green  . . . . . . . . . . . . .	Number	 00000002h   
hourHeading  . . . . . . . . . .	Byte	 000001BB _DATA	
hoursEmployeeWorkedOnDay1  . . .	DWord	 000001FE _DATA	
hoursEmployeeWorkedOnDay2  . . .	DWord	 00000202 _DATA	
hoursEmployeeWorkedOnDay3  . . .	DWord	 00000206 _DATA	
hoursEmployeeWorkedOnDay4  . . .	DWord	 0000020A _DATA	
hoursEmployeeWorkedOnDay5  . . .	DWord	 0000020E _DATA	
hoursEnter . . . . . . . . . . .	Byte	 00000104 _DATA	
hoursPrompt  . . . . . . . . . .	Byte	 00000280 _DATA	
leaveConfirmation  . . . . . . .	Byte	 0000012D _DATA	
leaveCount . . . . . . . . . . .	Byte	 000001CE _DATA	
lightBlue  . . . . . . . . . . .	Number	 00000009h   
lightCyan  . . . . . . . . . . .	Number	 0000000Bh   
lightGray  . . . . . . . . . . .	Number	 00000007h   
lightGreen . . . . . . . . . . .	Number	 0000000Ah   
lightMagenta . . . . . . . . . .	Number	 0000000Dh   
lightRed . . . . . . . . . . . .	Number	 0000000Ch   
magenta  . . . . . . . . . . . .	Number	 00000005h   
menu . . . . . . . . . . . . . .	Byte	 00000050 _DATA	
nameEnter  . . . . . . . . . . .	Byte	 000000E2 _DATA	
nameHeading  . . . . . . . . . .	Byte	 000001A2 _DATA	
nameOfEmployee . . . . . . . . .	Byte	 000001EF _DATA	
printCounter . . . . . . . . . .	DWord	 000001D3 _DATA	
red  . . . . . . . . . . . . . .	Number	 00000004h   
salaryPerHour  . . . . . . . . .	DWord	 000001CA _DATA	
selection  . . . . . . . . . . .	Byte	 000000BD _DATA	
space  . . . . . . . . . . . . .	Byte	 00000212 _DATA	
titleOfProject . . . . . . . . .	Byte	 00000000 _DATA	
totalPayPrompt . . . . . . . . .	Byte	 00000295 _DATA	
totalPay . . . . . . . . . . . .	DWord	 000001D7 _DATA	
white  . . . . . . . . . . . . .	Number	 0000000Fh   
wsprintf . . . . . . . . . . . .	Text   	 wsprintfA
yellow . . . . . . . . . . . . .	Number	 0000000Eh   

	   0 Warnings
	   0 Errors
