Microsoft (R) Macro Assembler Version 14.23.28106.4	    12/16/19 22:31:39
project.asm						     Page 1 - 1


				Include Irvine32.inc
			      C ; Include file for Irvine32.lib             (Irvine32.inc)
			      C 
			      C ;OPTION CASEMAP:NONE		; optional: make identifiers case-sensitive
			      C 
			      C INCLUDE SmallWin.inc		; MS-Windows prototypes, structures, and constants
			      C .NOLIST
			      C .LIST
			      C 
			      C INCLUDE VirtualKeys.inc
			      C ; VirtualKeys.inc
			      C .NOLIST
			      C .LIST
			      C 
			      C 
			      C .NOLIST
			      C .LIST
			      C 

 00000000			.data

 00000000 09 09 09 2A 2A	titleOfProject BYTE "			************************ PAY SLIP MANAGEMENT SYSTEM ************************", 0
	   2A 2A 2A 2A 2A
	   2A 2A 2A 2A 2A
	   2A 2A 2A 2A 2A
	   2A 2A 2A 2A 2A
	   2A 2A 20 50 41
	   59 20 53 4C 49
	   50 20 4D 41 4E
	   41 47 45 4D 45
	   4E 54 20 53 59
	   53 54 45 4D 20
	   2A 2A 2A 2A 2A
	   2A 2A 2A 2A 2A
	   2A 2A 2A 2A 2A
	   2A 2A 2A 2A 2A
	   2A 2A 2A 2A 00
 00000050 53 65 6C 65 63	menu BYTE "Select from the following menu.", 0
	   74 20 66 72 6F
	   6D 20 74 68 65
	   20 66 6F 6C 6C
	   6F 77 69 6E 67
	   20 6D 65 6E 75
	   2E 00
 00000070 31 2E 20 45 6E	option1 BYTE "1. Enter today's data", 0
	   74 65 72 20 74
	   6F 64 61 79 27
	   73 20 64 61 74
	   61 00
 00000086 32 2E 20 41 70	option2 BYTE "2. Apply for leave", 0
	   70 6C 79 20 66
	   6F 72 20 6C 65
	   61 76 65 00
 00000099 33 2E 20 53 68	option3 BYTE "3. Show the report", 0
	   6F 77 20 74 68
	   65 20 72 65 70
	   6F 72 74 00
 000000AC 34 2E 20 45 78	option4 BYTE "4. Exit", 0
	   69 74 00
 000000B4 45 6E 74 65 72	selection BYTE "Enter the number of your selection: ", 0
	   20 74 68 65 20
	   6E 75 6D 62 65
	   72 20 6F 66 20
	   79 6F 75 72 20
	   73 65 6C 65 63
	   74 69 6F 6E 3A
	   20 00
 000000D9 00000000		selectedOption DWORD ?

 000000DD 45 6E 74 65 72	nameEnter BYTE "Enter your name: ", 0
	   20 79 6F 75 72
	   20 6E 61 6D 65
	   3A 20 00
 000000EF 45 6E 74 65 72	dayEnter BYTE "Enter the day: ", 0
	   20 74 68 65 20
	   64 61 79 3A 20
	   00
 000000FF 45 6E 74 65 72	hoursEnter BYTE "Enter number of hours you worked today: ", 0
	   20 6E 75 6D 62
	   65 72 20 6F 66
	   20 68 6F 75 72
	   73 20 79 6F 75
	   20 77 6F 72 6B
	   65 64 20 74 6F
	   64 61 79 3A 20
	   00

 00000128 45 6E 74 65 72	leaveConfirmation BYTE "Enter 1 if you want to apply for leave and 0 to exit to main menu: ", 0
	   20 31 20 69 66
	   20 79 6F 75 20
	   77 61 6E 74 20
	   74 6F 20 61 70
	   70 6C 79 20 66
	   6F 72 20 6C 65
	   61 76 65 20 61
	   6E 64 20 30 20
	   74 6F 20 65 78
	   69 74 20 74 6F
	   20 6D 61 69 6E
	   20 6D 65 6E 75
	   3A 20 00
 0000016C 59 6F 75 72 20	confirmedLeave BYTE "Your leave has been added.", 0
	   6C 65 61 76 65
	   20 68 61 73 20
	   62 65 65 6E 20
	   61 64 64 65 64
	   2E 00
 00000187 4C 65 61 76 65	deniedLeave BYTE "Leave is not allowed.", 0
	   20 69 73 20 6E
	   6F 74 20 61 6C
	   6C 6F 77 65 64
	   2E 00
 0000019D 09 09 09 00		space BYTE "			", 0
 000001A1 09 09 00		smallSpace BYTE "		", 0

 000001A4 09 4E 61 6D 65	nameHeading BYTE "	Name			", 0
	   09 09 09 00
 000001AD 44 61 79 09 09	dayHeading BYTE "Day			", 0
	   09 00
 000001B4 48 6F 75 72 73	hourHeading BYTE "Hours Worked			", 0
	   20 57 6F 72 6B
	   65 64 09 09 09
	   00
 000001C4 54 6F 74 61 6C	payHeading BYTE "Total Pay", 0
	   20 50 61 79 00

 000001CE 0000001E		salaryPerHour DWORD 30
 000001D2 00000028		totalHoursPerWeek DWORD 40
 000001D6 00			leaveCount BYTE 0
 000001D7 00000000		counter dword 0
 000001DB 00000000		printCounter dword 0
 000001DF 00000000		totalPay dword 0

 000001E3  00000005 [		days BYTE 5 DUP ("Wednesday")
	    79616473656E646557
	   ]
 00000210  00000005 [		nameOfEmployee BYTE 5 DUP ("John Wick")
	    6B636957206E686F4A
	   ]
 0000023D  00000005 [		hoursEmployeeWorked BYTE 5 DUP (?)
	    00
	   ]

 00000242 54 68 69 73 20	check byte "This is a check", 0
	   69 73 20 61 20
	   63 68 65 63 6B
	   00

 00000000			.code
 00000000			main proc
					
 00000000				start: 
						
 00000000  E8 00000000 E			call crlf
 00000005  BA 00000000 R			mov edx, offset titleOfProject
 0000000A  E8 00000000 E			call writestring
 0000000F  E8 00000000 E			call crlf
 00000014  E8 00000000 E			call crlf

 00000019  BA 00000050 R			mov edx, offset menu
 0000001E  E8 00000000 E			call writestring
 00000023  E8 00000000 E			call crlf
 00000028  E8 00000000 E			call crlf
 0000002D  BA 00000070 R			mov edx, offset option1
 00000032  E8 00000000 E			call writestring
 00000037  E8 00000000 E			call crlf
 0000003C  BA 00000086 R			mov edx, offset option2
 00000041  E8 00000000 E			call writestring
 00000046  E8 00000000 E			call crlf
 0000004B  BA 00000099 R			mov edx, offset option3
 00000050  E8 00000000 E			call writestring
 00000055  E8 00000000 E			call crlf
 0000005A  BA 000000AC R			mov edx, offset option4
 0000005F  E8 00000000 E			call writestring
 00000064  E8 00000000 E			call crlf
 00000069  E8 00000000 E			call crlf
 0000006E  BA 000000B4 R			mov edx, offset selection
 00000073  E8 00000000 E			call writestring
 00000078  E8 00000000 E			call readint
 0000007D  A3 000000D9 R			mov selectedOption, eax
 00000082  E8 00000000 E			call crlf
 00000087  E8 00000000 E			call crlf

 0000008C  83 3D 000000D9 R			cmp selectedOption, 1
	   01
 00000093  74 27				je L1
 00000095  83 3D 000000D9 R			cmp selectedOption, 2
	   02
 0000009C  0F 84 00000098			je L2
 000000A2  83 3D 000000D9 R			cmp selectedOption, 3
	   03
 000000A9  0F 84 00000130			je L3
 000000AF  83 3D 000000D9 R			cmp selectedOption, 4
	   04
 000000B6  0F 84 000001B4			je _exit


 000000BC					L1:
 000000BC  BA 000000DD R				mov edx, offset nameEnter
 000000C1  E8 00000000 E				call writestring

							COMMENT !
							mov esi, offset nameOfEmployee
							add esi, counter 
							mov edx, esi
							mov ecx, 12 !

 000000C6  BA 00000210 R				mov edx, offset nameOfEmployee
 000000CB  03 15 000001D7 R				add edx, counter
 000000D1  B9 0000000C					mov ecx, 12
 000000D6  E8 00000000 E				call readstring	
 000000DB  E8 00000000 E				call crlf
 000000E0  E8 00000000 E				call dumpregs

 000000E5  BA 000000EF R				mov edx, offset dayEnter
 000000EA  E8 00000000 E				call writestring

							COMMENT ! 
							mov esi, days
							add esi, counter 
							mov edx, esi !

 000000EF  BA 000001E3 R				mov edx, offset days
 000000F4  03 15 000001D7 R				add edx, counter
 000000FA  B9 0000000C					mov ecx, 12
 000000FF  E8 00000000 E				call readstring	
 00000104  E8 00000000 E				call crlf
 00000109  E8 00000000 E				call dumpregs

 0000010E  BA 000000FF R				mov edx, offset hoursEnter
 00000113  E8 00000000 E				call writestring

 00000118  E8 00000000 E				call readint
 0000011D  BA 0000023D R				mov edx, offset hoursEmployeeWorked
 00000122  03 15 000001D7 R				add edx, counter 
 00000128  8B D0					mov edx, eax
 0000012A  FF 05 000001D7 R				inc counter
 00000130  E8 00000000 E				call crlf

 00000135  E9 FFFFFEC6					jmp start

 0000013A					L2:
 0000013A  BA 00000128 R				mov edx, offset leaveConfirmation
 0000013F  E8 00000000 E				call writestring
 00000144  E8 00000000 E				call readint
							
 00000149  83 F8 00					cmp eax, 0
 0000014C  0F 84 FFFFFEAE				je start

 00000152  FE 05 000001D6 R				inc leaveCount
 00000158  80 3D 000001D6 R				cmp leaveCount, 1
	   01
 0000015F  0F 8F 000000F7				jg L4
 00000165  E8 00000000 E				call crlf

 0000016A  BA 000000DD R				mov edx, offset nameEnter
 0000016F  E8 00000000 E				call writestring

 00000174  BE 00000210 R				mov esi, offset nameOfEmployee
 00000179  03 35 000001D7 R				add esi, counter 
 0000017F  8B D6					mov edx, esi
 00000181  B9 0000000C					mov ecx, 12
 00000186  E8 00000000 E				call readstring	
 0000018B  E8 00000000 E				call crlf

 00000190  BA 000000EF R				mov edx, offset dayEnter
 00000195  E8 00000000 E				call writestring

 0000019A  BE 000001E3 R				mov esi, offset days
 0000019F  03 35 000001D7 R				add esi, counter 
 000001A5  8B D6					mov edx, esi
 000001A7  B9 0000000C					mov ecx, 12
 000001AC  E8 00000000 E				call readstring	
 000001B1  E8 00000000 E				call crlf

 000001B6  BE 0000023D R				mov esi, offset hoursEmployeeWorked
 000001BB  03 35 000001D7 R				add esi, counter 
 000001C1  BE 00000008					mov esi, 8

 000001C6  BA 0000016C R				mov edx, offset confirmedLeave
 000001CB  E8 00000000 E				call writestring
 000001D0  E8 00000000 E				call crlf
 000001D5  E8 00000000 E				call crlf

 000001DA  E9 FFFFFE21					jmp start
 000001DF					L3:
							
 000001DF  BA 000001A4 R				mov edx, offset nameHeading
 000001E4  E8 00000000 E				call writestring
 000001E9  BA 000001AD R				mov edx, offset dayHeading
 000001EE  E8 00000000 E				call writestring
 000001F3  BA 000001B4 R				mov edx, offset hourHeading
 000001F8  E8 00000000 E				call writestring
 000001FD  BA 000001C4 R				mov edx, offset payHeading
 00000202  E8 00000000 E				call writestring
 00000207  E8 00000000 E				call crlf

 0000020C  B9 00000005					mov ecx, 5

 00000211						printBody:
								
 00000211  BA 000001A1 R					mov edx, offset smallSpace
 00000216  E8 00000000 E					call writestring
 0000021B  BA 00000210 R					mov edx, offset nameOfEmployee
 00000220  03 15 000001DB R					add edx, printCounter
 00000226  E8 00000000 E					call writestring

 0000022B  BA 0000019D R					mov edx, offset space
 00000230  E8 00000000 E					call writestring

 00000235  BA 000001E3 R					mov edx, offset days
 0000023A  03 15 000001DB R					add edx, printCounter
 00000240  E8 00000000 E					call writestring

 00000245  FF 05 000001DB R					inc printCounter
 0000024B  E8 00000000 E					call crlf
 00000250  E8 00000000 E					call dumpregs

 00000255  E2 BA					LOOP printBody
 00000257  E9 FFFFFDA4				jmp start

 0000025C					L4:
 0000025C  E8 00000000 E				call crlf
 00000261  BA 00000187 R				mov edx, offset deniedLeave
 00000266  E8 00000000 E				call writestring

 0000026B  E9 FFFFFD90			jmp start

 00000270				_exit:
					
 00000270  BA 00000242 R		mov edx, offset check
 00000275  E8 00000000 E		call writestring

 0000027A			main endp
				end main
Microsoft (R) Macro Assembler Version 14.23.28106.4	    12/16/19 22:31:39
project.asm						     Symbols 2 - 1




Structures and Unions:

                N a m e                  Size
                                         Offset      Type

CONSOLE_CURSOR_INFO  . . . . . .	 00000008
  dwSize . . . . . . . . . . . .	 00000000	 DWord
  bVisible . . . . . . . . . . .	 00000004	 DWord
CONSOLE_SCREEN_BUFFER_INFO . . .	 00000016
  dwSize . . . . . . . . . . . .	 00000000	 DWord
  dwCursorPosition . . . . . . .	 00000004	 DWord
  wAttributes  . . . . . . . . .	 00000008	 Word
  srWindow . . . . . . . . . . .	 0000000A	 QWord
  dwMaximumWindowSize  . . . . .	 00000012	 DWord
COORD  . . . . . . . . . . . . .	 00000004
  X  . . . . . . . . . . . . . .	 00000000	 Word
  Y  . . . . . . . . . . . . . .	 00000002	 Word
FILETIME . . . . . . . . . . . .	 00000008
  loDateTime . . . . . . . . . .	 00000000	 DWord
  hiDateTime . . . . . . . . . .	 00000004	 DWord
FOCUS_EVENT_RECORD . . . . . . .	 00000004
  bSetFocus  . . . . . . . . . .	 00000000	 DWord
FPU_ENVIRON  . . . . . . . . . .	 0000001C
  controlWord  . . . . . . . . .	 00000000	 Word
  statusWord . . . . . . . . . .	 00000004	 Word
  tagWord  . . . . . . . . . . .	 00000008	 Word
  instrPointerOffset . . . . . .	 0000000C	 DWord
  instrPointerSelector . . . . .	 00000010	 DWord
  operandPointerOffset . . . . .	 00000014	 DWord
  operandPointerSelector . . . .	 00000018	 Word
INPUT_RECORD . . . . . . . . . .	 00000014
  EventType  . . . . . . . . . .	 00000000	 Word
  Event  . . . . . . . . . . . .	 00000004	 XmmWord
  bKeyDown . . . . . . . . . . .	 00000000	 DWord
  wRepeatCount . . . . . . . . .	 00000004	 Word
  wVirtualKeyCode  . . . . . . .	 00000006	 Word
  wVirtualScanCode . . . . . . .	 00000008	 Word
  uChar  . . . . . . . . . . . .	 0000000A	 Word
  UnicodeChar  . . . . . . . . .	 00000000	 Word
  AsciiChar  . . . . . . . . . .	 00000000	 Byte
  dwControlKeyState  . . . . . .	 0000000C	 DWord
  dwMousePosition  . . . . . . .	 00000000	 DWord
  dwButtonState  . . . . . . . .	 00000004	 DWord
  dwMouseControlKeyState . . . .	 00000008	 DWord
  dwEventFlags . . . . . . . . .	 0000000C	 DWord
  dwSize . . . . . . . . . . . .	 00000000	 DWord
  dwCommandId  . . . . . . . . .	 00000000	 DWord
  bSetFocus  . . . . . . . . . .	 00000000	 DWord
KEY_EVENT_RECORD . . . . . . . .	 00000010
  bKeyDown . . . . . . . . . . .	 00000000	 DWord
  wRepeatCount . . . . . . . . .	 00000004	 Word
  wVirtualKeyCode  . . . . . . .	 00000006	 Word
  wVirtualScanCode . . . . . . .	 00000008	 Word
  uChar  . . . . . . . . . . . .	 0000000A	 Word
  UnicodeChar  . . . . . . . . .	 00000000	 Word
  AsciiChar  . . . . . . . . . .	 00000000	 Byte
  dwControlKeyState  . . . . . .	 0000000C	 DWord
MENU_EVENT_RECORD  . . . . . . .	 00000004
  dwCommandId  . . . . . . . . .	 00000000	 DWord
MOUSE_EVENT_RECORD . . . . . . .	 00000010
  dwMousePosition  . . . . . . .	 00000000	 DWord
  dwButtonState  . . . . . . . .	 00000004	 DWord
  dwMouseControlKeyState . . . .	 00000008	 DWord
  dwEventFlags . . . . . . . . .	 0000000C	 DWord
SMALL_RECT . . . . . . . . . . .	 00000008
  Left . . . . . . . . . . . . .	 00000000	 Word
  Top  . . . . . . . . . . . . .	 00000002	 Word
  Right  . . . . . . . . . . . .	 00000004	 Word
  Bottom . . . . . . . . . . . .	 00000006	 Word
SYSTEMTIME . . . . . . . . . . .	 00000010
  wYear  . . . . . . . . . . . .	 00000000	 Word
  wMonth . . . . . . . . . . . .	 00000002	 Word
  wDayOfWeek . . . . . . . . . .	 00000004	 Word
  wDay . . . . . . . . . . . . .	 00000006	 Word
  wHour  . . . . . . . . . . . .	 00000008	 Word
  wMinute  . . . . . . . . . . .	 0000000A	 Word
  wSecond  . . . . . . . . . . .	 0000000C	 Word
  wMilliseconds  . . . . . . . .	 0000000E	 Word
WINDOW_BUFFER_SIZE_RECORD  . . .	 00000004
  dwSize . . . . . . . . . . . .	 00000000	 DWord


Segments and Groups:

                N a m e                 Size     Length   Align   Combine Class

FLAT . . . . . . . . . . . . . .	GROUP
STACK  . . . . . . . . . . . . .	32 Bit	 00001000 Para	  Stack	  'STACK'	 
_DATA  . . . . . . . . . . . . .	32 Bit	 00000252 Para	  Public  'DATA'	
_TEXT  . . . . . . . . . . . . .	32 Bit	 0000027A Para	  Public  'CODE'	


Procedures, parameters, and locals:

                N a m e                 Type     Value    Attr

CloseFile  . . . . . . . . . . .	P Near	 00000000 FLAT	Length= 00000000 External STDCALL
CloseHandle  . . . . . . . . . .	P Near	 00000000 FLAT	Length= 00000000 External STDCALL
Clrscr . . . . . . . . . . . . .	P Near	 00000000 FLAT	Length= 00000000 External STDCALL
CreateFileA  . . . . . . . . . .	P Near	 00000000 FLAT	Length= 00000000 External STDCALL
CreateOutputFile . . . . . . . .	P Near	 00000000 FLAT	Length= 00000000 External STDCALL
Crlf . . . . . . . . . . . . . .	P Near	 00000000 FLAT	Length= 00000000 External STDCALL
Delay  . . . . . . . . . . . . .	P Near	 00000000 FLAT	Length= 00000000 External STDCALL
DumpMem  . . . . . . . . . . . .	P Near	 00000000 FLAT	Length= 00000000 External STDCALL
DumpRegs . . . . . . . . . . . .	P Near	 00000000 FLAT	Length= 00000000 External STDCALL
ExitProcess  . . . . . . . . . .	P Near	 00000000 FLAT	Length= 00000000 External STDCALL
FileTimeToDosDateTime  . . . . .	P Near	 00000000 FLAT	Length= 00000000 External STDCALL
FileTimeToSystemTime . . . . . .	P Near	 00000000 FLAT	Length= 00000000 External STDCALL
FlushConsoleInputBuffer  . . . .	P Near	 00000000 FLAT	Length= 00000000 External STDCALL
FormatMessageA . . . . . . . . .	P Near	 00000000 FLAT	Length= 00000000 External STDCALL
GetCommandLineA  . . . . . . . .	P Near	 00000000 FLAT	Length= 00000000 External STDCALL
GetCommandTail . . . . . . . . .	P Near	 00000000 FLAT	Length= 00000000 External STDCALL
GetConsoleCP . . . . . . . . . .	P Near	 00000000 FLAT	Length= 00000000 External STDCALL
GetConsoleCursorInfo . . . . . .	P Near	 00000000 FLAT	Length= 00000000 External STDCALL
GetConsoleMode . . . . . . . . .	P Near	 00000000 FLAT	Length= 00000000 External STDCALL
GetConsoleScreenBufferInfo . . .	P Near	 00000000 FLAT	Length= 00000000 External STDCALL
GetDateTime  . . . . . . . . . .	P Near	 00000000 FLAT	Length= 00000000 External STDCALL
GetFileTime  . . . . . . . . . .	P Near	 00000000 FLAT	Length= 00000000 External STDCALL
GetKeyState  . . . . . . . . . .	P Near	 00000000 FLAT	Length= 00000000 External STDCALL
GetLastError . . . . . . . . . .	P Near	 00000000 FLAT	Length= 00000000 External STDCALL
GetLocalTime . . . . . . . . . .	P Near	 00000000 FLAT	Length= 00000000 External STDCALL
GetMaxXY . . . . . . . . . . . .	P Near	 00000000 FLAT	Length= 00000000 External STDCALL
GetMseconds  . . . . . . . . . .	P Near	 00000000 FLAT	Length= 00000000 External STDCALL
GetNumberOfConsoleInputEvents  .	P Near	 00000000 FLAT	Length= 00000000 External STDCALL
GetProcessHeap . . . . . . . . .	P Near	 00000000 FLAT	Length= 00000000 External STDCALL
GetStdHandle . . . . . . . . . .	P Near	 00000000 FLAT	Length= 00000000 External STDCALL
GetSystemTime  . . . . . . . . .	P Near	 00000000 FLAT	Length= 00000000 External STDCALL
GetTextColor . . . . . . . . . .	P Near	 00000000 FLAT	Length= 00000000 External STDCALL
GetTickCount . . . . . . . . . .	P Near	 00000000 FLAT	Length= 00000000 External STDCALL
Gotoxy . . . . . . . . . . . . .	P Near	 00000000 FLAT	Length= 00000000 External STDCALL
HeapAlloc  . . . . . . . . . . .	P Near	 00000000 FLAT	Length= 00000000 External STDCALL
HeapCreate . . . . . . . . . . .	P Near	 00000000 FLAT	Length= 00000000 External STDCALL
HeapDestroy  . . . . . . . . . .	P Near	 00000000 FLAT	Length= 00000000 External STDCALL
HeapFree . . . . . . . . . . . .	P Near	 00000000 FLAT	Length= 00000000 External STDCALL
HeapSize . . . . . . . . . . . .	P Near	 00000000 FLAT	Length= 00000000 External STDCALL
IsDigit  . . . . . . . . . . . .	P Near	 00000000 FLAT	Length= 00000000 External STDCALL
LocalFree  . . . . . . . . . . .	P Near	 00000000 FLAT	Length= 00000000 External STDCALL
MessageBoxA  . . . . . . . . . .	P Near	 00000000 FLAT	Length= 00000000 External STDCALL
MsgBoxAsk  . . . . . . . . . . .	P Near	 00000000 FLAT	Length= 00000000 External STDCALL
MsgBox . . . . . . . . . . . . .	P Near	 00000000 FLAT	Length= 00000000 External STDCALL
OpenInputFile  . . . . . . . . .	P Near	 00000000 FLAT	Length= 00000000 External STDCALL
ParseDecimal32 . . . . . . . . .	P Near	 00000000 FLAT	Length= 00000000 External STDCALL
ParseInteger32 . . . . . . . . .	P Near	 00000000 FLAT	Length= 00000000 External STDCALL
PeekConsoleInputA  . . . . . . .	P Near	 00000000 FLAT	Length= 00000000 External STDCALL
Random32 . . . . . . . . . . . .	P Near	 00000000 FLAT	Length= 00000000 External STDCALL
RandomRange  . . . . . . . . . .	P Near	 00000000 FLAT	Length= 00000000 External STDCALL
Randomize  . . . . . . . . . . .	P Near	 00000000 FLAT	Length= 00000000 External STDCALL
ReadChar . . . . . . . . . . . .	P Near	 00000000 FLAT	Length= 00000000 External STDCALL
ReadConsoleA . . . . . . . . . .	P Near	 00000000 FLAT	Length= 00000000 External STDCALL
ReadConsoleInputA  . . . . . . .	P Near	 00000000 FLAT	Length= 00000000 External STDCALL
ReadDec  . . . . . . . . . . . .	P Near	 00000000 FLAT	Length= 00000000 External STDCALL
ReadFile . . . . . . . . . . . .	P Near	 00000000 FLAT	Length= 00000000 External STDCALL
ReadFloat  . . . . . . . . . . .	P Near	 00000000 FLAT	Length= 00000000 External STDCALL
ReadFromFile . . . . . . . . . .	P Near	 00000000 FLAT	Length= 00000000 External STDCALL
ReadHex  . . . . . . . . . . . .	P Near	 00000000 FLAT	Length= 00000000 External STDCALL
ReadInt  . . . . . . . . . . . .	P Near	 00000000 FLAT	Length= 00000000 External STDCALL
ReadKeyFlush . . . . . . . . . .	P Near	 00000000 FLAT	Length= 00000000 External STDCALL
ReadKey  . . . . . . . . . . . .	P Near	 00000000 FLAT	Length= 00000000 External STDCALL
ReadString . . . . . . . . . . .	P Near	 00000000 FLAT	Length= 00000000 External STDCALL
SetConsoleCursorInfo . . . . . .	P Near	 00000000 FLAT	Length= 00000000 External STDCALL
SetConsoleCursorPosition . . . .	P Near	 00000000 FLAT	Length= 00000000 External STDCALL
SetConsoleMode . . . . . . . . .	P Near	 00000000 FLAT	Length= 00000000 External STDCALL
SetConsoleScreenBufferSize . . .	P Near	 00000000 FLAT	Length= 00000000 External STDCALL
SetConsoleTextAttribute  . . . .	P Near	 00000000 FLAT	Length= 00000000 External STDCALL
SetConsoleTitleA . . . . . . . .	P Near	 00000000 FLAT	Length= 00000000 External STDCALL
SetConsoleWindowInfo . . . . . .	P Near	 00000000 FLAT	Length= 00000000 External STDCALL
SetFilePointer . . . . . . . . .	P Near	 00000000 FLAT	Length= 00000000 External STDCALL
SetLocalTime . . . . . . . . . .	P Near	 00000000 FLAT	Length= 00000000 External STDCALL
SetTextColor . . . . . . . . . .	P Near	 00000000 FLAT	Length= 00000000 External STDCALL
ShowFPUStack . . . . . . . . . .	P Near	 00000000 FLAT	Length= 00000000 External STDCALL
Sleep  . . . . . . . . . . . . .	P Near	 00000000 FLAT	Length= 00000000 External STDCALL
StrLength  . . . . . . . . . . .	P Near	 00000000 FLAT	Length= 00000000 External STDCALL
Str_compare  . . . . . . . . . .	P Near	 00000000 FLAT	Length= 00000000 External STDCALL
Str_copy . . . . . . . . . . . .	P Near	 00000000 FLAT	Length= 00000000 External STDCALL
Str_length . . . . . . . . . . .	P Near	 00000000 FLAT	Length= 00000000 External STDCALL
Str_trim . . . . . . . . . . . .	P Near	 00000000 FLAT	Length= 00000000 External STDCALL
Str_ucase  . . . . . . . . . . .	P Near	 00000000 FLAT	Length= 00000000 External STDCALL
SystemTimeToFileTime . . . . . .	P Near	 00000000 FLAT	Length= 00000000 External STDCALL
WaitMsg  . . . . . . . . . . . .	P Near	 00000000 FLAT	Length= 00000000 External STDCALL
WriteBinB  . . . . . . . . . . .	P Near	 00000000 FLAT	Length= 00000000 External STDCALL
WriteBin . . . . . . . . . . . .	P Near	 00000000 FLAT	Length= 00000000 External STDCALL
WriteChar  . . . . . . . . . . .	P Near	 00000000 FLAT	Length= 00000000 External STDCALL
WriteConsoleA  . . . . . . . . .	P Near	 00000000 FLAT	Length= 00000000 External STDCALL
WriteConsoleOutputAttribute  . .	P Near	 00000000 FLAT	Length= 00000000 External STDCALL
WriteConsoleOutputCharacterA . .	P Near	 00000000 FLAT	Length= 00000000 External STDCALL
WriteDec . . . . . . . . . . . .	P Near	 00000000 FLAT	Length= 00000000 External STDCALL
WriteFile  . . . . . . . . . . .	P Near	 00000000 FLAT	Length= 00000000 External STDCALL
WriteFloat . . . . . . . . . . .	P Near	 00000000 FLAT	Length= 00000000 External STDCALL
WriteHexB  . . . . . . . . . . .	P Near	 00000000 FLAT	Length= 00000000 External STDCALL
WriteHex . . . . . . . . . . . .	P Near	 00000000 FLAT	Length= 00000000 External STDCALL
WriteInt . . . . . . . . . . . .	P Near	 00000000 FLAT	Length= 00000000 External STDCALL
WriteStackFrameName  . . . . . .	P Near	 00000000 FLAT	Length= 00000000 External STDCALL
WriteStackFrame  . . . . . . . .	P Near	 00000000 FLAT	Length= 00000000 External STDCALL
WriteString  . . . . . . . . . .	P Near	 00000000 FLAT	Length= 00000000 External STDCALL
WriteToFile  . . . . . . . . . .	P Near	 00000000 FLAT	Length= 00000000 External STDCALL
WriteWindowsMsg  . . . . . . . .	P Near	 00000000 FLAT	Length= 00000000 External STDCALL
main . . . . . . . . . . . . . .	P Near	 00000000 _TEXT	Length= 0000027A Public STDCALL
  start  . . . . . . . . . . . .	L Near	 00000000 _TEXT	
  L1 . . . . . . . . . . . . . .	L Near	 000000BC _TEXT	
  L2 . . . . . . . . . . . . . .	L Near	 0000013A _TEXT	
  L3 . . . . . . . . . . . . . .	L Near	 000001DF _TEXT	
  printBody  . . . . . . . . . .	L Near	 00000211 _TEXT	
  L4 . . . . . . . . . . . . . .	L Near	 0000025C _TEXT	
  _exit  . . . . . . . . . . . .	L Near	 00000270 _TEXT	
printf . . . . . . . . . . . . .	P Near	 00000000 FLAT	Length= 00000000 External C
scanf  . . . . . . . . . . . . .	P Near	 00000000 FLAT	Length= 00000000 External C
wsprintfA  . . . . . . . . . . .	P Near	 00000000 FLAT	Length= 00000000 External C


Symbols:

                N a m e                 Type     Value    Attr

@CodeSize  . . . . . . . . . . .	Number	 00000000h   
@DataSize  . . . . . . . . . . .	Number	 00000000h   
@Interface . . . . . . . . . . .	Number	 00000003h   
@Model . . . . . . . . . . . . .	Number	 00000007h   
@code  . . . . . . . . . . . . .	Text   	 _TEXT
@data  . . . . . . . . . . . . .	Text   	 FLAT
@fardata?  . . . . . . . . . . .	Text   	 FLAT
@fardata . . . . . . . . . . . .	Text   	 FLAT
@stack . . . . . . . . . . . . .	Text   	 FLAT
ALT_MASK . . . . . . . . . . . .	Number	 00000003h   
CAPSLOCK_ON  . . . . . . . . . .	Number	 00000080h   
CREATE_ALWAYS  . . . . . . . . .	Number	 00000002h   
CREATE_NEW . . . . . . . . . . .	Number	 00000001h   
CTRL_MASK  . . . . . . . . . . .	Number	 0000000Ch   
CreateFile . . . . . . . . . . .	Text   	 CreateFileA
DO_NOT_SHARE . . . . . . . . . .	Number	 00000000h   
ENABLE_ECHO_INPUT  . . . . . . .	Number	 00000004h   
ENABLE_LINE_INPUT  . . . . . . .	Number	 00000002h   
ENABLE_MOUSE_INPUT . . . . . . .	Number	 00000010h   
ENABLE_PROCESSED_INPUT . . . . .	Number	 00000001h   
ENABLE_PROCESSED_OUTPUT  . . . .	Number	 00000001h   
ENABLE_WINDOW_INPUT  . . . . . .	Number	 00000008h   
ENABLE_WRAP_AT_EOL_OUTPUT  . . .	Number	 00000002h   
ENHANCED_KEY . . . . . . . . . .	Number	 00000100h   
FALSE  . . . . . . . . . . . . .	Number	 00000000h   
FILE_APPEND_DATA . . . . . . . .	Number	 00000004h   
FILE_ATTRIBUTE_ARCHIVE . . . . .	Number	 00000020h   
FILE_ATTRIBUTE_COMPRESSED  . . .	Number	 00000800h   
FILE_ATTRIBUTE_DEVICE  . . . . .	Number	 00000040h   
FILE_ATTRIBUTE_DIRECTORY . . . .	Number	 00000010h   
FILE_ATTRIBUTE_ENCRYPTED . . . .	Number	 00004000h   
FILE_ATTRIBUTE_HIDDEN  . . . . .	Number	 00000002h   
FILE_ATTRIBUTE_NORMAL  . . . . .	Number	 00000080h   
FILE_ATTRIBUTE_NOT_CONTENT_INDEXED .	Number	 00002000h   
FILE_ATTRIBUTE_OFFLINE . . . . .	Number	 00001000h   
FILE_ATTRIBUTE_READONLY  . . . .	Number	 00000001h   
FILE_ATTRIBUTE_REPARSE_POINT . .	Number	 00000400h   
FILE_ATTRIBUTE_SPARSE_FILE . . .	Number	 00000200h   
FILE_ATTRIBUTE_SYSTEM  . . . . .	Number	 00000004h   
FILE_ATTRIBUTE_TEMPORARY . . . .	Number	 00000100h   
FILE_BEGIN . . . . . . . . . . .	Number	 00000000h   
FILE_CURRENT . . . . . . . . . .	Number	 00000001h   
FILE_DELETE_CHILD  . . . . . . .	Number	 00000040h   
FILE_END . . . . . . . . . . . .	Number	 00000002h   
FILE_READ_DATA . . . . . . . . .	Number	 00000001h   
FILE_SHARE_DELETE  . . . . . . .	Number	 00000004h   
FILE_SHARE_READ  . . . . . . . .	Number	 00000001h   
FILE_SHARE_WRITE . . . . . . . .	Number	 00000002h   
FILE_WRITE_DATA  . . . . . . . .	Number	 00000002h   
FOCUS_EVENT  . . . . . . . . . .	Number	 00000010h   
FORMAT_MESSAGE_ALLOCATE_BUFFER .	Number	 00000100h   
FORMAT_MESSAGE_FROM_SYSTEM . . .	Number	 00001000h   
FormatMessage  . . . . . . . . .	Text   	 FormatMessageA
GENERIC_ALL  . . . . . . . . . .	Number	 10000000h   
GENERIC_EXECUTE  . . . . . . . .	Number	 20000000h   
GENERIC_READ . . . . . . . . . .	Number	 -80000000h   
GENERIC_WRITE  . . . . . . . . .	Number	 40000000h   
GetCommandLine . . . . . . . . .	Text   	 GetCommandLineA
HANDLE . . . . . . . . . . . . .	Text   	 DWORD
HEAP_GENERATE_EXCEPTIONS . . . .	Number	 00000004h   
HEAP_GROWABLE  . . . . . . . . .	Number	 00000002h   
HEAP_NO_SERIALIZE  . . . . . . .	Number	 00000001h   
HEAP_REALLOC_IN_PLACE_ONLY . . .	Number	 00000010h   
HEAP_ZERO_MEMORY . . . . . . . .	Number	 00000008h   
IDABORT  . . . . . . . . . . . .	Number	 00000003h   
IDCANCEL . . . . . . . . . . . .	Number	 00000002h   
IDCLOSE  . . . . . . . . . . . .	Number	 00000008h   
IDCONTINUE . . . . . . . . . . .	Number	 0000000Bh   
IDHELP . . . . . . . . . . . . .	Number	 00000009h   
IDIGNORE . . . . . . . . . . . .	Number	 00000005h   
IDNO . . . . . . . . . . . . . .	Number	 00000007h   
IDOK . . . . . . . . . . . . . .	Number	 00000001h   
IDRETRY  . . . . . . . . . . . .	Number	 00000004h   
IDTIMEOUT  . . . . . . . . . . .	Number	 00007D00h   
IDTRYAGAIN . . . . . . . . . . .	Number	 0000000Ah   
IDYES  . . . . . . . . . . . . .	Number	 00000006h   
INVALID_HANDLE_VALUE . . . . . .	Number	 -00000001h   
KBDOWN_FLAG  . . . . . . . . . .	Number	 00000001h   
KEY_EVENT  . . . . . . . . . . .	Number	 00000001h   
KEY_MASKS  . . . . . . . . . . .	Number	 0000001Fh   
LEFT_ALT_PRESSED . . . . . . . .	Number	 00000002h   
LEFT_CTRL_PRESSED  . . . . . . .	Number	 00000008h   
MB_ABORTRETRYIGNORE  . . . . . .	Number	 00000002h   
MB_APPLMODAL . . . . . . . . . .	Number	 00000000h   
MB_CANCELTRYCONTINUE . . . . . .	Number	 00000006h   
MB_DEFBUTTON1  . . . . . . . . .	Number	 00000000h   
MB_DEFBUTTON2  . . . . . . . . .	Number	 00000100h   
MB_DEFBUTTON3  . . . . . . . . .	Number	 00000200h   
MB_DEFBUTTON4  . . . . . . . . .	Number	 00000300h   
MB_HELP  . . . . . . . . . . . .	Number	 00004000h   
MB_ICONASTERISK  . . . . . . . .	Number	 00000040h   
MB_ICONERROR . . . . . . . . . .	Number	 00000010h   
MB_ICONEXCLAMATION . . . . . . .	Number	 00000030h   
MB_ICONHAND  . . . . . . . . . .	Number	 00000010h   
MB_ICONINFORMATION . . . . . . .	Number	 00000040h   
MB_ICONQUESTION  . . . . . . . .	Number	 00000020h   
MB_ICONSTOP  . . . . . . . . . .	Number	 00000010h   
MB_ICONWARNING . . . . . . . . .	Number	 00000030h   
MB_OKCANCEL  . . . . . . . . . .	Number	 00000001h   
MB_OK  . . . . . . . . . . . . .	Number	 00000000h   
MB_RETRYCANCEL . . . . . . . . .	Number	 00000005h   
MB_SYSTEMMODAL . . . . . . . . .	Number	 00001000h   
MB_TASKMODAL . . . . . . . . . .	Number	 00002000h   
MB_USERICON  . . . . . . . . . .	Number	 00000080h   
MB_YESNOCANCEL . . . . . . . . .	Number	 00000003h   
MB_YESNO . . . . . . . . . . . .	Number	 00000004h   
MENU_EVENT . . . . . . . . . . .	Number	 00000008h   
MOUSE_EVENT  . . . . . . . . . .	Number	 00000002h   
MessageBox . . . . . . . . . . .	Text   	 MessageBoxA
NULL . . . . . . . . . . . . . .	Number	 00000000h   
NUMLOCK_ON . . . . . . . . . . .	Number	 00000020h   
OPEN_ALWAYS  . . . . . . . . . .	Number	 00000004h   
OPEN_EXISTING  . . . . . . . . .	Number	 00000003h   
PeekConsoleInput . . . . . . . .	Text   	 PeekConsoleInputA
RIGHT_ALT_PRESSED  . . . . . . .	Number	 00000001h   
RIGHT_CTRL_PRESSED . . . . . . .	Number	 00000004h   
ReadConsoleInput . . . . . . . .	Text   	 ReadConsoleInputA
ReadConsole  . . . . . . . . . .	Text   	 ReadConsoleA
SCROLLLOCK_ON  . . . . . . . . .	Number	 00000040h   
SHIFT_MASK . . . . . . . . . . .	Number	 00000010h   
SHIFT_PRESSED  . . . . . . . . .	Number	 00000010h   
STD_ERROR_HANDLE . . . . . . . .	Number	 -0000000Ch   
STD_INPUT_HANDLE . . . . . . . .	Number	 -0000000Ah   
STD_OUTPUT_HANDLE  . . . . . . .	Number	 -0000000Bh   
SetConsoleTitle  . . . . . . . .	Text   	 SetConsoleTitleA
TAB  . . . . . . . . . . . . . .	Number	 00000009h   
TRUE . . . . . . . . . . . . . .	Number	 00000001h   
TRUNCATE_EXISTING  . . . . . . .	Number	 00000005h   
VK_11  . . . . . . . . . . . . .	Number	 000000BDh   
VK_12  . . . . . . . . . . . . .	Number	 000000BBh   
VK_ADD . . . . . . . . . . . . .	Number	 0000006Bh   
VK_BACK  . . . . . . . . . . . .	Number	 00000008h   
VK_CANCEL  . . . . . . . . . . .	Number	 00000003h   
VK_CAPITAL . . . . . . . . . . .	Number	 00000014h   
VK_CLEAR . . . . . . . . . . . .	Number	 0000000Ch   
VK_CONTROL . . . . . . . . . . .	Number	 00000011h   
VK_DECIMAL . . . . . . . . . . .	Number	 0000006Eh   
VK_DELETE  . . . . . . . . . . .	Number	 0000002Eh   
VK_DIVIDE  . . . . . . . . . . .	Number	 0000006Fh   
VK_DOWN  . . . . . . . . . . . .	Number	 00000028h   
VK_END . . . . . . . . . . . . .	Number	 00000023h   
VK_ESCAPE  . . . . . . . . . . .	Number	 0000001Bh   
VK_EXECUTE . . . . . . . . . . .	Number	 0000002Bh   
VK_F10 . . . . . . . . . . . . .	Number	 00000079h   
VK_F11 . . . . . . . . . . . . .	Number	 0000007Ah   
VK_F12 . . . . . . . . . . . . .	Number	 0000007Bh   
VK_F13 . . . . . . . . . . . . .	Number	 0000007Ch   
VK_F14 . . . . . . . . . . . . .	Number	 0000007Dh   
VK_F15 . . . . . . . . . . . . .	Number	 0000007Eh   
VK_F16 . . . . . . . . . . . . .	Number	 0000007Fh   
VK_F17 . . . . . . . . . . . . .	Number	 00000080h   
VK_F18 . . . . . . . . . . . . .	Number	 00000081h   
VK_F19 . . . . . . . . . . . . .	Number	 00000082h   
VK_F1  . . . . . . . . . . . . .	Number	 00000070h   
VK_F20 . . . . . . . . . . . . .	Number	 00000083h   
VK_F21 . . . . . . . . . . . . .	Number	 00000084h   
VK_F22 . . . . . . . . . . . . .	Number	 00000085h   
VK_F23 . . . . . . . . . . . . .	Number	 00000086h   
VK_F24 . . . . . . . . . . . . .	Number	 00000087h   
VK_F2  . . . . . . . . . . . . .	Number	 00000071h   
VK_F3  . . . . . . . . . . . . .	Number	 00000072h   
VK_F4  . . . . . . . . . . . . .	Number	 00000073h   
VK_F5  . . . . . . . . . . . . .	Number	 00000074h   
VK_F6  . . . . . . . . . . . . .	Number	 00000075h   
VK_F7  . . . . . . . . . . . . .	Number	 00000076h   
VK_F8  . . . . . . . . . . . . .	Number	 00000077h   
VK_F9  . . . . . . . . . . . . .	Number	 00000078h   
VK_HELP  . . . . . . . . . . . .	Number	 0000002Fh   
VK_HOME  . . . . . . . . . . . .	Number	 00000024h   
VK_INSERT  . . . . . . . . . . .	Number	 0000002Dh   
VK_LBUTTON . . . . . . . . . . .	Number	 00000001h   
VK_LCONTROL  . . . . . . . . . .	Number	 000000A2h   
VK_LEFT  . . . . . . . . . . . .	Number	 00000025h   
VK_LMENU . . . . . . . . . . . .	Number	 000000A4h   
VK_LSHIFT  . . . . . . . . . . .	Number	 000000A0h   
VK_MENU  . . . . . . . . . . . .	Number	 00000012h   
VK_MULTIPLY  . . . . . . . . . .	Number	 0000006Ah   
VK_NEXT  . . . . . . . . . . . .	Number	 00000022h   
VK_NUMLOCK . . . . . . . . . . .	Number	 00000090h   
VK_NUMPAD0 . . . . . . . . . . .	Number	 00000060h   
VK_NUMPAD1 . . . . . . . . . . .	Number	 00000061h   
VK_NUMPAD2 . . . . . . . . . . .	Number	 00000062h   
VK_NUMPAD3 . . . . . . . . . . .	Number	 00000063h   
VK_NUMPAD4 . . . . . . . . . . .	Number	 00000064h   
VK_NUMPAD5 . . . . . . . . . . .	Number	 00000065h   
VK_NUMPAD6 . . . . . . . . . . .	Number	 00000066h   
VK_NUMPAD7 . . . . . . . . . . .	Number	 00000067h   
VK_NUMPAD8 . . . . . . . . . . .	Number	 00000068h   
VK_NUMPAD9 . . . . . . . . . . .	Number	 00000069h   
VK_PAUSE . . . . . . . . . . . .	Number	 00000013h   
VK_PRINT . . . . . . . . . . . .	Number	 0000002Ah   
VK_PRIOR . . . . . . . . . . . .	Number	 00000021h   
VK_RBUTTON . . . . . . . . . . .	Number	 00000002h   
VK_RCONTROL  . . . . . . . . . .	Number	 000000A3h   
VK_RETURN  . . . . . . . . . . .	Number	 0000000Dh   
VK_RIGHT . . . . . . . . . . . .	Number	 00000027h   
VK_RMENU . . . . . . . . . . . .	Number	 000000A5h   
VK_RSHIFT  . . . . . . . . . . .	Number	 000000A1h   
VK_SCROLL  . . . . . . . . . . .	Number	 00000091h   
VK_SEPARATER . . . . . . . . . .	Number	 0000006Ch   
VK_SHIFT . . . . . . . . . . . .	Number	 00000010h   
VK_SNAPSHOT  . . . . . . . . . .	Number	 0000002Ch   
VK_SPACE . . . . . . . . . . . .	Number	 00000020h   
VK_SUBTRACT  . . . . . . . . . .	Number	 0000006Dh   
VK_TAB . . . . . . . . . . . . .	Number	 00000009h   
VK_UP  . . . . . . . . . . . . .	Number	 00000026h   
WINDOW_BUFFER_SIZE_EVENT . . . .	Number	 00000004h   
WriteConsoleOutputCharacter  . .	Text   	 WriteConsoleOutputCharacterA
WriteConsole . . . . . . . . . .	Text   	 WriteConsoleA
black  . . . . . . . . . . . . .	Number	 00000000h   
blue . . . . . . . . . . . . . .	Number	 00000001h   
brown  . . . . . . . . . . . . .	Number	 00000006h   
check  . . . . . . . . . . . . .	Byte	 00000242 _DATA	
confirmedLeave . . . . . . . . .	Byte	 0000016C _DATA	
counter  . . . . . . . . . . . .	DWord	 000001D7 _DATA	
cyan . . . . . . . . . . . . . .	Number	 00000003h   
dayEnter . . . . . . . . . . . .	Byte	 000000EF _DATA	
dayHeading . . . . . . . . . . .	Byte	 000001AD _DATA	
days . . . . . . . . . . . . . .	Byte	 000001E3 _DATA	
deniedLeave  . . . . . . . . . .	Byte	 00000187 _DATA	
exit . . . . . . . . . . . . . .	Text   	 INVOKE ExitProcess,0
gray . . . . . . . . . . . . . .	Number	 00000008h   
green  . . . . . . . . . . . . .	Number	 00000002h   
hourHeading  . . . . . . . . . .	Byte	 000001B4 _DATA	
hoursEmployeeWorked  . . . . . .	Byte	 0000023D _DATA	
hoursEnter . . . . . . . . . . .	Byte	 000000FF _DATA	
leaveConfirmation  . . . . . . .	Byte	 00000128 _DATA	
leaveCount . . . . . . . . . . .	Byte	 000001D6 _DATA	
lightBlue  . . . . . . . . . . .	Number	 00000009h   
lightCyan  . . . . . . . . . . .	Number	 0000000Bh   
lightGray  . . . . . . . . . . .	Number	 00000007h   
lightGreen . . . . . . . . . . .	Number	 0000000Ah   
lightMagenta . . . . . . . . . .	Number	 0000000Dh   
lightRed . . . . . . . . . . . .	Number	 0000000Ch   
magenta  . . . . . . . . . . . .	Number	 00000005h   
menu . . . . . . . . . . . . . .	Byte	 00000050 _DATA	
nameEnter  . . . . . . . . . . .	Byte	 000000DD _DATA	
nameHeading  . . . . . . . . . .	Byte	 000001A4 _DATA	
nameOfEmployee . . . . . . . . .	Byte	 00000210 _DATA	
option1  . . . . . . . . . . . .	Byte	 00000070 _DATA	
option2  . . . . . . . . . . . .	Byte	 00000086 _DATA	
option3  . . . . . . . . . . . .	Byte	 00000099 _DATA	
option4  . . . . . . . . . . . .	Byte	 000000AC _DATA	
payHeading . . . . . . . . . . .	Byte	 000001C4 _DATA	
printCounter . . . . . . . . . .	DWord	 000001DB _DATA	
red  . . . . . . . . . . . . . .	Number	 00000004h   
salaryPerHour  . . . . . . . . .	DWord	 000001CE _DATA	
selectedOption . . . . . . . . .	DWord	 000000D9 _DATA	
selection  . . . . . . . . . . .	Byte	 000000B4 _DATA	
smallSpace . . . . . . . . . . .	Byte	 000001A1 _DATA	
space  . . . . . . . . . . . . .	Byte	 0000019D _DATA	
titleOfProject . . . . . . . . .	Byte	 00000000 _DATA	
totalHoursPerWeek  . . . . . . .	DWord	 000001D2 _DATA	
totalPay . . . . . . . . . . . .	DWord	 000001DF _DATA	
white  . . . . . . . . . . . . .	Number	 0000000Fh   
wsprintf . . . . . . . . . . . .	Text   	 wsprintfA
yellow . . . . . . . . . . . . .	Number	 0000000Eh   

	   0 Warnings
	   0 Errors
